Component: ARM Compiler 5.06 update 1 (build 61) Tool: armlink [4d35a8]

==============================================================================

Section Cross References

    startup_stm32f103xe.o(RESET) refers to startup_stm32f103xe.o(STACK) for __initial_sp
    startup_stm32f103xe.o(RESET) refers to startup_stm32f103xe.o(.text) for Reset_Handler
    startup_stm32f103xe.o(RESET) refers to stm32f1xx_it.o(i.NMI_Handler) for NMI_Handler
    startup_stm32f103xe.o(RESET) refers to stm32f1xx_it.o(i.HardFault_Handler) for HardFault_Handler
    startup_stm32f103xe.o(RESET) refers to stm32f1xx_it.o(i.MemManage_Handler) for MemManage_Handler
    startup_stm32f103xe.o(RESET) refers to stm32f1xx_it.o(i.BusFault_Handler) for BusFault_Handler
    startup_stm32f103xe.o(RESET) refers to stm32f1xx_it.o(i.UsageFault_Handler) for UsageFault_Handler
    startup_stm32f103xe.o(RESET) refers to stm32f1xx_it.o(i.SVC_Handler) for SVC_Handler
    startup_stm32f103xe.o(RESET) refers to stm32f1xx_it.o(i.DebugMon_Handler) for DebugMon_Handler
    startup_stm32f103xe.o(RESET) refers to stm32f1xx_it.o(i.PendSV_Handler) for PendSV_Handler
    startup_stm32f103xe.o(RESET) refers to stm32f1xx_it.o(i.SysTick_Handler) for SysTick_Handler
    startup_stm32f103xe.o(RESET) refers to stm32f1xx_it.o(i.TIM3_IRQHandler) for TIM3_IRQHandler
    startup_stm32f103xe.o(RESET) refers to stm32f1xx_it.o(i.USART1_IRQHandler) for USART1_IRQHandler
    startup_stm32f103xe.o(RESET) refers to stm32f1xx_it.o(i.UART5_IRQHandler) for UART5_IRQHandler
    startup_stm32f103xe.o(.text) refers to system_stm32f1xx.o(i.SystemInit) for SystemInit
    startup_stm32f103xe.o(.text) refers to entry.o(.ARM.Collect$$$$00000000) for __main
    main.o(i.Climb) refers to pid.o(i.PID_Anglerealize) for PID_Anglerealize
    main.o(i.Climb) refers to fadd.o(.text) for __aeabi_fsub
    main.o(i.Climb) refers to main.o(i.MotorPidSetSpeed) for MotorPidSetSpeed
    main.o(i.Climb) refers to pid.o(.bss) for pidMPU6050PitchMovement
    main.o(i.Climb) refers to mpu6050.o(.data) for Pitch
    main.o(i.Climb) refers to main.o(.data) for .data
    main.o(i.HAL_TIM_PeriodElapsedCallback) refers to fflti.o(.text) for __aeabi_i2f
    main.o(i.HAL_TIM_PeriodElapsedCallback) refers to fmul.o(.text) for __aeabi_fmul
    main.o(i.HAL_TIM_PeriodElapsedCallback) refers to fdiv.o(.text) for __aeabi_fdiv
    main.o(i.HAL_TIM_PeriodElapsedCallback) refers to fscalb.o(.text) for __ARM_scalbnf
    main.o(i.HAL_TIM_PeriodElapsedCallback) refers to fadd.o(.text) for __aeabi_fadd
    main.o(i.HAL_TIM_PeriodElapsedCallback) refers to f2d.o(.text) for __aeabi_f2d
    main.o(i.HAL_TIM_PeriodElapsedCallback) refers to dmul.o(.text) for __aeabi_dmul
    main.o(i.HAL_TIM_PeriodElapsedCallback) refers to dadd.o(.text) for __aeabi_dadd
    main.o(i.HAL_TIM_PeriodElapsedCallback) refers to d2f.o(.text) for __aeabi_d2f
    main.o(i.HAL_TIM_PeriodElapsedCallback) refers to pid.o(i.PID_realize) for PID_realize
    main.o(i.HAL_TIM_PeriodElapsedCallback) refers to ffixi.o(.text) for __aeabi_f2iz
    main.o(i.HAL_TIM_PeriodElapsedCallback) refers to main.o(i.Motor_Control) for Motor_Control
    main.o(i.HAL_TIM_PeriodElapsedCallback) refers to main.o(.data) for .data
    main.o(i.HAL_TIM_PeriodElapsedCallback) refers to tim.o(.bss) for htim4
    main.o(i.HAL_TIM_PeriodElapsedCallback) refers to pid.o(.bss) for pidMotor1Speed
    main.o(i.HAL_UART_RxCpltCallback) refers to lidar.o(i.data_process) for data_process
    main.o(i.HAL_UART_RxCpltCallback) refers to memseta.o(.text) for __aeabi_memclr
    main.o(i.HAL_UART_RxCpltCallback) refers to stm32f1xx_hal_uart.o(i.HAL_UART_Receive_IT) for HAL_UART_Receive_IT
    main.o(i.HAL_UART_RxCpltCallback) refers to usart.o(.bss) for huart5
    main.o(i.HAL_UART_RxCpltCallback) refers to stm32f1xx_it.o(.data) for usart5_ReadBuf
    main.o(i.HAL_UART_RxCpltCallback) refers to main.o(.data) for .data
    main.o(i.HAL_UART_RxCpltCallback) refers to lidar.o(.bss) for Pack_Data
    main.o(i.HAL_UART_RxCpltCallback) refers to main.o(.constdata) for .constdata
    main.o(i.MotorPidSetSpeed) refers to pid.o(i.PID_realize) for PID_realize
    main.o(i.MotorPidSetSpeed) refers to ffixi.o(.text) for __aeabi_f2iz
    main.o(i.MotorPidSetSpeed) refers to main.o(i.Motor_Control) for Motor_Control
    main.o(i.MotorPidSetSpeed) refers to pid.o(.bss) for pidMotor1Speed
    main.o(i.MotorPidSetSpeed) refers to main.o(.data) for .data
    main.o(i.MotorTurnAngle) refers to pid.o(i.PID_Anglerealize) for PID_Anglerealize
    main.o(i.MotorTurnAngle) refers to fadd.o(.text) for __aeabi_fsub
    main.o(i.MotorTurnAngle) refers to main.o(i.MotorPidSetSpeed) for MotorPidSetSpeed
    main.o(i.MotorTurnAngle) refers to pid.o(.bss) for pidMPU6050YawMovement
    main.o(i.MotorTurnAngle) refers to mpu6050.o(.data) for Yaw
    main.o(i.MotorTurnAngle) refers to main.o(.data) for .data
    main.o(i.Motor_Control) refers to main.o(i.XianFu_PWM) for XianFu_PWM
[...]
    i.adcGetBatteryVoltage                   0x08004c40   Section        0  adc.o(i.adcGetBatteryVoltage)
    i.asin                                   0x08004c90   Section        0  asin.o(i.asin)
    i.atan                                   0x08004f00   Section        0  atan.o(i.atan)
    i.atan2                                  0x08005120   Section        0  atan2.o(i.atan2)
    i.data_process                           0x080052a0   Section        0  lidar.o(i.data_process)
    i.dmp_enable_6x_lp_quat                  0x08005504   Section        0  inv_mpu_dmp_motion_driver.o(i.dmp_enable_6x_lp_quat)
    i.dmp_enable_feature                     0x08005540   Section        0  inv_mpu_dmp_motion_driver.o(i.dmp_enable_feature)
    i.dmp_enable_gyro_cal                    0x08005718   Section        0  inv_mpu_dmp_motion_driver.o(i.dmp_enable_gyro_cal)
    i.dmp_enable_lp_quat                     0x08005754   Section        0  inv_mpu_dmp_motion_driver.o(i.dmp_enable_lp_quat)
    i.dmp_load_motion_driver_firmware        0x08005790   Section        0  inv_mpu_dmp_motion_driver.o(i.dmp_load_motion_driver_firmware)
    i.dmp_read_fifo                          0x080057a4   Section        0  inv_mpu_dmp_motion_driver.o(i.dmp_read_fifo)
    i.dmp_set_accel_bias                     0x080058e8   Section        0  inv_mpu_dmp_motion_driver.o(i.dmp_set_accel_bias)
    i.dmp_set_fifo_rate                      0x080059c0   Section        0  inv_mpu_dmp_motion_driver.o(i.dmp_set_fifo_rate)
    i.dmp_set_gyro_bias                      0x08005a24   Section        0  inv_mpu_dmp_motion_driver.o(i.dmp_set_gyro_bias)
    i.dmp_set_orientation                    0x08005af0   Section        0  inv_mpu_dmp_motion_driver.o(i.dmp_set_orientation)
    i.dmp_set_shake_reject_thresh            0x08005bfc   Section        0  inv_mpu_dmp_motion_driver.o(i.dmp_set_shake_reject_thresh)
    i.dmp_set_shake_reject_time              0x08005c2c   Section        0  inv_mpu_dmp_motion_driver.o(i.dmp_set_shake_reject_time)
    i.dmp_set_shake_reject_timeout           0x08005c4c   Section        0  inv_mpu_dmp_motion_driver.o(i.dmp_set_shake_reject_timeout)
    i.dmp_set_tap_axes                       0x08005c6c   Section        0  inv_mpu_dmp_motion_driver.o(i.dmp_set_tap_axes)
    i.dmp_set_tap_count                      0x08005cac   Section        0  inv_mpu_dmp_motion_driver.o(i.dmp_set_tap_count)
    i.dmp_set_tap_thresh                     0x08005cd0   Section        0  inv_mpu_dmp_motion_driver.o(i.dmp_set_tap_thresh)
    i.dmp_set_tap_time                       0x08005df8   Section        0  inv_mpu_dmp_motion_driver.o(i.dmp_set_tap_time)
    i.dmp_set_tap_time_multi                 0x08005e18   Section        0  inv_mpu_dmp_motion_driver.o(i.dmp_set_tap_time_multi)
    i.fputc                                  0x08005e38   Section        0  fputc.o(i.fputc)
    i.get_accel_prod_shift                   0x08005e4c   Section        0  inv_mpu.o(i.get_accel_prod_shift)
    get_accel_prod_shift                     0x08005e4d   Thumb Code   158  inv_mpu.o(i.get_accel_prod_shift)
    i.get_st_biases                          0x08005ef8   Section        0  inv_mpu.o(i.get_st_biases)
    get_st_biases                            0x08005ef9   Thumb Code   784  inv_mpu.o(i.get_st_biases)
    i.gyro_self_test                         0x0800620c   Section        0  inv_mpu.o(i.gyro_self_test)
    gyro_self_test                           0x0800620d   Thumb Code   190  inv_mpu.o(i.gyro_self_test)
    i.i2cRead                                0x080062e0   Section        0  ioi2c.o(i.i2cRead)
    i.i2cWrite                               0x08006350   Section        0  ioi2c.o(i.i2cWrite)
    i.inv_row_2_scale                        0x080063a4   Section        0  mpu6050.o(i.inv_row_2_scale)
    inv_row_2_scale                          0x080063a5   Thumb Code    72  mpu6050.o(i.inv_row_2_scale)
    i.main                                   0x080063ec   Section        0  main.o(i.main)
    i.mpu_configure_fifo                     0x08006510   Section        0  inv_mpu.o(i.mpu_configure_fifo)
    i.mpu_get_accel_fsr                      0x08006564   Section        0  inv_mpu.o(i.mpu_get_accel_fsr)
    i.mpu_get_accel_sens                     0x080065a0   Section        0  inv_mpu.o(i.mpu_get_accel_sens)
    i.mpu_get_gyro_fsr                       0x080065e4   Section        0  inv_mpu.o(i.mpu_get_gyro_fsr)
    i.mpu_get_gyro_sens                      0x08006618   Section        0  inv_mpu.o(i.mpu_get_gyro_sens)
    i.mpu_get_lpf                            0x08006658   Section        0  inv_mpu.o(i.mpu_get_lpf)
    i.mpu_get_sample_rate                    0x08006690   Section        0  inv_mpu.o(i.mpu_get_sample_rate)
    i.mpu_init                               0x080066ac   Section        0  inv_mpu.o(i.mpu_init)
    i.mpu_load_firmware                      0x08006834   Section        0  inv_mpu.o(i.mpu_load_firmware)
    i.mpu_lp_accel_mode                      0x080068d4   Section        0  inv_mpu.o(i.mpu_lp_accel_mode)
    i.mpu_read_fifo_stream                   0x0800698c   Section        0  inv_mpu.o(i.mpu_read_fifo_stream)
    i.mpu_read_mem                           0x08006a1c   Section        0  inv_mpu.o(i.mpu_read_mem)
    i.mpu_reset_fifo                         0x08006a70   Section        0  inv_mpu.o(i.mpu_reset_fifo)
    i.mpu_run_self_test                      0x08006bc0   Section        0  inv_mpu.o(i.mpu_run_self_test)
    i.mpu_set_accel_fsr                      0x08006cb0   Section        0  inv_mpu.o(i.mpu_set_accel_fsr)
    i.mpu_set_bypass                         0x08006d18   Section        0  inv_mpu.o(i.mpu_set_bypass)
    i.mpu_set_dmp_state                      0x08006df4   Section        0  inv_mpu.o(i.mpu_set_dmp_state)
    i.mpu_set_gyro_fsr                       0x08006e6c   Section        0  inv_mpu.o(i.mpu_set_gyro_fsr)
    i.mpu_set_int_latched                    0x08006ed8   Section        0  inv_mpu.o(i.mpu_set_int_latched)
    i.mpu_set_lpf                            0x08006f3c   Section        0  inv_mpu.o(i.mpu_set_lpf)
    i.mpu_set_sample_rate                    0x08006fa8   Section        0  inv_mpu.o(i.mpu_set_sample_rate)
    i.mpu_set_sensors                        0x08007028   Section        0  inv_mpu.o(i.mpu_set_sensors)
    i.mpu_write_mem                          0x080070e0   Section        0  inv_mpu.o(i.mpu_write_mem)
    i.myget_ms                               0x08007134   Section        0  inv_mpu.o(i.myget_ms)
    i.run_self_test                          0x08007136   Section        0  mpu6050.o(i.run_self_test)
    run_self_test                            0x08007137   Thumb Code   122  mpu6050.o(i.run_self_test)
    i.set_int_enable                         0x080071b0   Section        0  inv_mpu.o(i.set_int_enable)
    set_int_enable                           0x080071b1   Thumb Code    84  inv_mpu.o(i.set_int_enable)
    i.sqrt                                   0x08007208   Section        0  sqrt.o(i.sqrt)
    .constdata                               0x08007254   Section      256  main.o(.constdata)
    CrcTable                                 0x08007254   Data         256  main.o(.constdata)
    .constdata                               0x08007354   Section     2660  bsp_oled.o(.constdata)
    oled_asc2_1206                           0x08007354   Data        1140  bsp_oled.o(.constdata)
    oled_asc2_1608                           0x080077c8   Data        1520  bsp_oled.o(.constdata)
    .constdata                               0x08007db8   Section       12  inv_mpu.o(.constdata)
    .constdata                               0x08007dc4   Section       27  inv_mpu.o(.constdata)
    .constdata                               0x08007de0   Section       40  inv_mpu.o(.constdata)
    .constdata                               0x08007e08   Section     3062  inv_mpu_dmp_motion_driver.o(.constdata)
    dmp_memory                               0x08007e08   Data        3062  inv_mpu_dmp_motion_driver.o(.constdata)
    .constdata                               0x080089fe   Section       18  stm32f1xx_hal_rcc.o(.constdata)
    aPredivFactorTable                       0x080089fe   Data           2  stm32f1xx_hal_rcc.o(.constdata)
    aPLLMULFactorTable                       0x08008a00   Data          16  stm32f1xx_hal_rcc.o(.constdata)
    .constdata                               0x08008a10   Section       18  stm32f1xx_hal_rcc_ex.o(.constdata)
    aPredivFactorTable                       0x08008a10   Data           2  stm32f1xx_hal_rcc_ex.o(.constdata)
    aPLLMULFactorTable                       0x08008a12   Data          16  stm32f1xx_hal_rcc_ex.o(.constdata)
    .constdata                               0x08008a22   Section       16  system_stm32f1xx.o(.constdata)
    .constdata                               0x08008a32   Section        8  system_stm32f1xx.o(.constdata)
    .constdata                               0x08008a40   Section       80  asin.o(.constdata)
    pS                                       0x08008a40   Data          48  asin.o(.constdata)
    qS                                       0x08008a70   Data          32  asin.o(.constdata)
    .constdata                               0x08008a90   Section      152  atan.o(.constdata)
    atanhi                                   0x08008a90   Data          32  atan.o(.constdata)
    atanlo                                   0x08008ab0   Data          32  atan.o(.constdata)
    aTodd                                    0x08008ad0   Data          40  atan.o(.constdata)
    aTeven                                   0x08008af8   Data          48  atan.o(.constdata)
    .constdata                               0x08008b28   Section        8  qnan.o(.constdata)
    .conststring                             0x08008b30   Section       78  inv_mpu.o(.conststring)
    .data                                    0x20000000   Section       60  main.o(.data)
    state                                    0x20000000   Data           1  main.o(.data)
    crc                                      0x20000001   Data           1  main.o(.data)
    cnt                                      0x20000002   Data           1  main.o(.data)
    Moto1                                    0x20000034   Data           4  main.o(.data)
    Moto2                                    0x20000038   Data           4  main.o(.data)
    .data                                    0x2000003c   Section        1  stm32f1xx_it.o(.data)
    .data                                    0x2000003d   Section        1  stm32f1xx_it.o(.data)
    .data                                    0x20000040   Section       20  lidar.o(.data)
    .data                                    0x20000054   Section       44  inv_mpu.o(.data)
    st                                       0x20000054   Data          44  inv_mpu.o(.data)
    .data                                    0x20000080   Section       53  mpu6050.o(.data)
    gyro_orientation                         0x200000ac   Data           9  mpu6050.o(.data)
    .data                                    0x200000b8   Section       12  stm32f1xx_hal.o(.data)
    .data                                    0x200000c4   Section        4  system_stm32f1xx.o(.data)
    .data                                    0x200000c8   Section        4  stdout.o(.data)
    .data                                    0x200000cc   Section        4  errno.o(.data)
    _errno                                   0x200000cc   Data           4  errno.o(.data)
    .bss                                     0x200000d0   Section      286  main.o(.bss)
    .bss                                     0x200001f0   Section       48  adc.o(.bss)
    .bss                                     0x20000220   Section      216  tim.o(.bss)
    .bss                                     0x200002f8   Section      144  usart.o(.bss)
    .bss                                     0x20000388   Section      256  stm32f1xx_it.o(.bss)
    .bss                                     0x20000488   Section     1024  bsp_oled.o(.bss)
    .bss                                     0x20000888   Section    11695  lidar.o(.bss)
    .bss                                     0x20003638   Section      208  pid.o(.bss)
    .bss                                     0x20003708   Section       16  inv_mpu_dmp_motion_driver.o(.bss)
    dmp                                      0x20003708   Data          16  inv_mpu_dmp_motion_driver.o(.bss)
    STACK                                    0x20003718   Section     2048  startup_stm32f103xe.o(STACK)

    Global Symbols

    Symbol Name                              Value     Ov Type        Size  Object(Section)

    BuildAttributes$$THM_ISAv4$P$D$K$B$S$PE$A:L22UL41UL21$X:L11$S22US41US21$IEEE1$IW$USESV6$~STKCKD$USESV7$~SHL$OTIME$ROPI$IEEEX$EBA8$MICROLIB$REQ8$PRES8$EABIv2 0x00000000   Number         0  anon$$obj.o ABSOLUTE
    __ARM_use_no_argv                        0x00000000   Number         0  main.o ABSOLUTE
    _printf_a                                0x00000000   Number         0  stubs.o ABSOLUTE
    _printf_c                                0x00000000   Number         0  stubs.o ABSOLUTE
    _printf_charcount                        0x00000000   Number         0  stubs.o ABSOLUTE
    _printf_d                                0x00000000   Number         0  stubs.o ABSOLUTE
    _printf_e                                0x00000000   Number         0  stubs.o ABSOLUTE
    _printf_f                                0x00000000   Number         0  stubs.o ABSOLUTE
    _printf_flags                            0x00000000   Number         0  stubs.o ABSOLUTE
    _printf_fp_dec                           0x00000000   Number         0  stubs.o ABSOLUTE
    _printf_fp_hex                           0x00000000   Number         0  stubs.o ABSOLUTE
    _printf_g                                0x00000000   Number         0  stubs.o ABSOLUTE
    _printf_i                                0x00000000   Number         0  stubs.o ABSOLUTE
    _printf_int_dec                          0x00000000   Number         0  stubs.o ABSOLUTE
    _printf_l                                0x00000000   Number         0  stubs.o ABSOLUTE
    _printf_lc                               0x00000000   Number         0  stubs.o ABSOLUTE
    _printf_ll                               0x00000000   Number         0  stubs.o ABSOLUTE
    _printf_lld                              0x00000000   Number         0  stubs.o ABSOLUTE
    _printf_lli                              0x00000000   Number         0  stubs.o ABSOLUTE
    _printf_llo                              0x00000000   Number         0  stubs.o ABSOLUTE
    _printf_llu                              0x00000000   Number         0  stubs.o ABSOLUTE
    _printf_llx                              0x00000000   Number         0  stubs.o ABSOLUTE
    _printf_longlong_dec                     0x00000000   Number         0  stubs.o ABSOLUTE
    _printf_longlong_hex                     0x00000000   Number         0  stubs.o ABSOLUTE
    _printf_longlong_oct                     0x00000000   Number         0  stubs.o ABSOLUTE
    _printf_ls                               0x00000000   Number         0  stubs.o ABSOLUTE
    _printf_mbtowc                           0x00000000   Number         0  stubs.o ABSOLUTE
    _printf_n                                0x00000000   Number         0  stubs.o ABSOLUTE
    _printf_o                                0x00000000   Number         0  stubs.o ABSOLUTE
    _printf_p                                0x00000000   Number         0  stubs.o ABSOLUTE
    _printf_percent                          0x00000000   Number         0  stubs.o ABSOLUTE
    _printf_pre_padding                      0x00000000   Number         0  stubs.o ABSOLUTE
    _printf_return_value                     0x00000000   Number         0  stubs.o ABSOLUTE
    _printf_s                                0x00000000   Number         0  stubs.o ABSOLUTE
    _printf_sizespec                         0x00000000   Number         0  stubs.o ABSOLUTE
    _printf_str                              0x00000000   Number         0  stubs.o ABSOLUTE
    _printf_truncate_signed                  0x00000000   Number         0  stubs.o ABSOLUTE
    _printf_truncate_unsigned                0x00000000   Number         0  stubs.o ABSOLUTE
    _printf_u                                0x00000000   Number         0  stubs.o ABSOLUTE
    _printf_wc                               0x00000000   Number         0  stubs.o ABSOLUTE
    _printf_wctomb                           0x00000000   Number         0  stubs.o ABSOLUTE
    _printf_widthprec                        0x00000000   Number         0  stubs.o ABSOLUTE
    _printf_x                                0x00000000   Number         0  stubs.o ABSOLUTE
    __cpp_initialize__aeabi_                  - Undefined Weak Reference
    __cxa_finalize                            - Undefined Weak Reference
    __decompress                              - Undefined Weak Reference
    _clock_init                               - Undefined Weak Reference
    _microlib_exit                            - Undefined Weak Reference
    __Vectors_Size                           0x00000130   Number         0  startup_stm32f103xe.o ABSOLUTE
    __Vectors                                0x08000000   Data           4  startup_stm32f103xe.o(RESET)
    __Vectors_End                            0x08000130   Data           0  startup_stm32f103xe.o(RESET)
    __main                                   0x08000131   Thumb Code     0  entry.o(.ARM.Collect$$$$00000000)
    _main_stk                                0x08000131   Thumb Code     0  entry2.o(.ARM.Collect$$$$00000001)
    _main_scatterload                        0x08000135   Thumb Code     0  entry5.o(.ARM.Collect$$$$00000004)
    __main_after_scatterload                 0x08000139   Thumb Code     0  entry5.o(.ARM.Collect$$$$00000004)
    _main_clock                              0x08000139   Thumb Code     0  entry7b.o(.ARM.Collect$$$$00000008)
    _main_cpp_init                           0x08000139   Thumb Code     0  entry8b.o(.ARM.Collect$$$$0000000A)
    _main_init                               0x08000139   Thumb Code     0  entry9a.o(.ARM.Collect$$$$0000000B)
    __rt_final_cpp                           0x08000141   Thumb Code     0  entry10a.o(.ARM.Collect$$$$0000000D)
    __rt_final_exit                          0x08000141   Thumb Code     0  entry11a.o(.ARM.Collect$$$$0000000F)
    Reset_Handler                            0x08000145   Thumb Code     8  startup_stm32f103xe.o(.text)
    ADC1_2_IRQHandler                        0x0800015f   Thumb Code     0  startup_stm32f103xe.o(.text)
    ADC3_IRQHandler                          0x0800015f   Thumb Code     0  startup_stm32f103xe.o(.text)
    CAN1_RX1_IRQHandler                      0x0800015f   Thumb Code     0  startup_stm32f103xe.o(.text)
    CAN1_SCE_IRQHandler                      0x0800015f   Thumb Code     0  startup_stm32f103xe.o(.text)
    DMA1_Channel1_IRQHandler                 0x0800015f   Thumb Code     0  startup_stm32f103xe.o(.text)
    DMA1_Channel2_IRQHandler                 0x0800015f   Thumb Code     0  startup_stm32f103xe.o(.text)
    DMA1_Channel3_IRQHandler                 0x0800015f   Thumb Code     0  startup_stm32f103xe.o(.text)
    DMA1_Channel4_IRQHandler                 0x0800015f   Thumb Code     0  startup_stm32f103xe.o(.text)
    DMA1_Channel5_IRQHandler                 0x0800015f   Thumb Code     0  startup_stm32f103xe.o(.text)
    DMA1_Channel6_IRQHandler                 0x0800015f   Thumb Code     0  startup_stm32f103xe.o(.text)
    DMA1_Channel7_IRQHandler                 0x0800015f   Thumb Code     0  startup_stm32f103xe.o(.text)
    DMA2_Channel1_IRQHandler                 0x0800015f   Thumb Code     0  startup_stm32f103xe.o(.text)
    DMA2_Channel2_IRQHandler                 0x0800015f   Thumb Code     0  startup_stm32f103xe.o(.text)
    DMA2_Channel3_IRQHandler                 0x0800015f   Thumb Code     0  startup_stm32f103xe.o(.text)
    DMA2_Channel4_5_IRQHandler               0x0800015f   Thumb Code     0  startup_stm32f103xe.o(.text)
    EXTI0_IRQHandler                         0x0800015f   Thumb Code     0  startup_stm32f103xe.o(.text)
    EXTI15_10_IRQHandler                     0x0800015f   Thumb Code     0  startup_stm32f103xe.o(.text)
    EXTI1_IRQHandler                         0x0800015f   Thumb Code     0  startup_stm32f103xe.o(.text)
    EXTI2_IRQHandler                         0x0800015f   Thumb Code     0  startup_stm32f103xe.o(.text)
    EXTI3_IRQHandler                         0x0800015f   Thumb Code     0  startup_stm32f103xe.o(.text)
    EXTI4_IRQHandler                         0x0800015f   Thumb Code     0  startup_stm32f103xe.o(.text)
    EXTI9_5_IRQHandler                       0x0800015f   Thumb Code     0  startup_stm32f103xe.o(.text)
    FLASH_IRQHandler                         0x0800015f   Thumb Code     0  startup_stm32f103xe.o(.text)
    FSMC_IRQHandler                          0x0800015f   Thumb Code     0  startup_stm32f103xe.o(.text)
    I2C1_ER_IRQHandler                       0x0800015f   Thumb Code     0  startup_stm32f103xe.o(.text)
    I2C1_EV_IRQHandler                       0x0800015f   Thumb Code     0  startup_stm32f103xe.o(.text)
    I2C2_ER_IRQHandler                       0x0800015f   Thumb Code     0  startup_stm32f103xe.o(.text)
    I2C2_EV_IRQHandler                       0x0800015f   Thumb Code     0  startup_stm32f103xe.o(.text)
    PVD_IRQHandler                           0x0800015f   Thumb Code     0  startup_stm32f103xe.o(.text)
    RCC_IRQHandler                           0x0800015f   Thumb Code     0  startup_stm32f103xe.o(.text)
    RTC_Alarm_IRQHandler                     0x0800015f   Thumb Code     0  startup_stm32f103xe.o(.text)
    RTC_IRQHandler                           0x0800015f   Thumb Code     0  startup_stm32f103xe.o(.text)
    SDIO_IRQHandler                          0x0800015f   Thumb Code     0  startup_stm32f103xe.o(.text)
    SPI1_IRQHandler                          0x0800015f   Thumb Code     0  startup_stm32f103xe.o(.text)
    SPI2_IRQHandler                          0x0800015f   Thumb Code     0  startup_stm32f103xe.o(.text)
    SPI3_IRQHandler                          0x0800015f   Thumb Code     0  startup_stm32f103xe.o(.text)
    TAMPER_IRQHandler                        0x0800015f   Thumb Code     0  startup_stm32f103xe.o(.text)
    TIM1_BRK_IRQHandler                      0x0800015f   Thumb Code     0  startup_stm32f103xe.o(.text)
    TIM1_CC_IRQHandler                       0x0800015f   Thumb Code     0  startup_stm32f103xe.o(.text)
    TIM1_TRG_COM_IRQHandler                  0x0800015f   Thumb Code     0  startup_stm32f103xe.o(.text)
    TIM1_UP_IRQHandler                       0x0800015f   Thumb Code     0  startup_stm32f103xe.o(.text)
    TIM2_IRQHandler                          0x0800015f   Thumb Code     0  startup_stm32f103xe.o(.text)
    TIM4_IRQHandler                          0x0800015f   Thumb Code     0  startup_stm32f103xe.o(.text)
    TIM5_IRQHandler                          0x0800015f   Thumb Code     0  startup_stm32f103xe.o(.text)
    TIM6_IRQHandler                          0x0800015f   Thumb Code     0  startup_stm32f103xe.o(.text)
    TIM7_IRQHandler                          0x0800015f   Thumb Code     0  startup_stm32f103xe.o(.text)
    TIM8_BRK_IRQHandler                      0x0800015f   Thumb Code     0  startup_stm32f103xe.o(.text)
    TIM8_CC_IRQHandler                       0x0800015f   Thumb Code     0  startup_stm32f103xe.o(.text)
    TIM8_TRG_COM_IRQHandler                  0x0800015f   Thumb Code     0  startup_stm32f103xe.o(.text)
    TIM8_UP_IRQHandler                       0x0800015f   Thumb Code     0  startup_stm32f103xe.o(.text)
    UART4_IRQHandler                         0x0800015f   Thumb Code     0  startup_stm32f103xe.o(.text)
    USART2_IRQHandler                        0x0800015f   Thumb Code     0  startup_stm32f103xe.o(.text)
    USART3_IRQHandler                        0x0800015f   Thumb Code     0  startup_stm32f103xe.o(.text)
    USBWakeUp_IRQHandler                     0x0800015f   Thumb Code     0  startup_stm32f103xe.o(.text)
    USB_HP_CAN1_TX_IRQHandler                0x0800015f   Thumb Code     0  startup_stm32f103xe.o(.text)
    USB_LP_CAN1_RX0_IRQHandler               0x0800015f   Thumb Code     0  startup_stm32f103xe.o(.text)
    WWDG_IRQHandler                          0x0800015f   Thumb Code     0  startup_stm32f103xe.o(.text)
    __aeabi_ldivmod                          0x08000169   Thumb Code    98  ldiv.o(.text)
    __aeabi_llsr                             0x080001cb   Thumb Code    32  llushr.o(.text)
    _ll_ushift_r                             0x080001cb   Thumb Code     0  llushr.o(.text)
    __aeabi_memset                           0x080001eb   Thumb Code    14  memseta.o(.text)
    __aeabi_memset4                          0x080001eb   Thumb Code     0  memseta.o(.text)
    __aeabi_memset8                          0x080001eb   Thumb Code     0  memseta.o(.text)
    __aeabi_memclr                           0x080001f9   Thumb Code     4  memseta.o(.text)
    __aeabi_memclr4                          0x080001f9   Thumb Code     0  memseta.o(.text)
    __aeabi_memclr8                          0x080001f9   Thumb Code     0  memseta.o(.text)
    _memset$wrapper                          0x080001fd   Thumb Code    18  memseta.o(.text)
    memcmp                                   0x0800020f   Thumb Code    26  memcmp.o(.text)
    __aeabi_fadd                             0x08000229   Thumb Code   164  fadd.o(.text)
    __aeabi_fsub                             0x080002cd   Thumb Code     6  fadd.o(.text)
    __aeabi_frsub                            0x080002d3   Thumb Code     6  fadd.o(.text)
    __aeabi_fmul                             0x080002d9   Thumb Code   100  fmul.o(.text)
    __aeabi_fdiv                             0x0800033d   Thumb Code   124  fdiv.o(.text)
    __ARM_scalbnf                            0x080003b9   Thumb Code    24  fscalb.o(.text)
    scalbnf                                  0x080003b9   Thumb Code     0  fscalb.o(.text)
    __aeabi_dadd                             0x080003d1   Thumb Code   322  dadd.o(.text)
    __aeabi_dsub                             0x08000513   Thumb Code     6  dadd.o(.text)
    __aeabi_drsub                            0x08000519   Thumb Code     6  dadd.o(.text)
    __aeabi_dmul                             0x0800051f   Thumb Code   228  dmul.o(.text)
    __aeabi_ddiv                             0x08000603   Thumb Code   222  ddiv.o(.text)
    __aeabi_i2f                              0x080006e1   Thumb Code    18  fflti.o(.text)
    __aeabi_ui2f                             0x080006f3   Thumb Code    10  ffltui.o(.text)
    __aeabi_ui2d                             0x080006fd   Thumb Code    26  dfltui.o(.text)
    __aeabi_f2iz                             0x08000717   Thumb Code    50  ffixi.o(.text)
    __aeabi_f2uiz                            0x08000749   Thumb Code    40  ffixui.o(.text)
    __aeabi_f2d                              0x08000771   Thumb Code    38  f2d.o(.text)
    __aeabi_d2f                              0x08000797   Thumb Code    56  d2f.o(.text)
    __aeabi_cfrcmple                         0x080007d1   Thumb Code    20  cfrcmple.o(.text)
    __aeabi_uidiv                            0x080007e5   Thumb Code     0  uidiv.o(.text)
    __aeabi_uidivmod                         0x080007e5   Thumb Code    44  uidiv.o(.text)
    __aeabi_uldivmod                         0x08000811   Thumb Code    98  uldiv.o(.text)
    __aeabi_llsl                             0x08000873   Thumb Code    30  llshl.o(.text)
    _ll_shift_l                              0x08000873   Thumb Code     0  llshl.o(.text)
    __aeabi_lasr                             0x08000891   Thumb Code    36  llsshr.o(.text)
    _ll_sshift_r                             0x08000891   Thumb Code     0  llsshr.o(.text)
    __I$use$fp                               0x080008b5   Thumb Code     0  iusefp.o(.text)
    _float_round                             0x080008b5   Thumb Code    18  fepilogue.o(.text)
    _float_epilogue                          0x080008c7   Thumb Code    92  fepilogue.o(.text)
    _double_round                            0x08000923   Thumb Code    30  depilogue.o(.text)
    _double_epilogue                         0x08000941   Thumb Code   156  depilogue.o(.text)
    __ARM_scalbn                             0x080009dd   Thumb Code    46  dscalb.o(.text)
    scalbn                                   0x080009dd   Thumb Code     0  dscalb.o(.text)
    __aeabi_d2ulz                            0x08000a0b   Thumb Code    48  dfixul.o(.text)
    __aeabi_cdrcmple                         0x08000a3d   Thumb Code    48  cdrcmple.o(.text)
    __scatterload                            0x08000a6d   Thumb Code    28  init.o(.text)
    __scatterload_rt2                        0x08000a6d   Thumb Code     0  init.o(.text)
    __I$use$semihosting$fputc                0x08000a91   Thumb Code     0  iusesemip.o(.text)
    __semihosting_library_function           0x08000a91   Thumb Code     0  semi.o(.text)
    _dsqrt                                   0x08000a91   Thumb Code   162  dsqrt.o(.text)
    ADC_ConversionStop_Disable               0x08000b35   Thumb Code    86  stm32f1xx_hal_adc.o(i.ADC_ConversionStop_Disable)
    ADC_Enable                               0x08000b8d   Thumb Code   114  stm32f1xx_hal_adc.o(i.ADC_Enable)
    BusFault_Handler                         0x08000c09   Thumb Code     2  stm32f1xx_it.o(i.BusFault_Handler)
    DMP_Init                                 0x08000c0d   Thumb Code   144  mpu6050.o(i.DMP_Init)
    DebugMon_Handler                         0x08000ca9   Thumb Code     2  stm32f1xx_it.o(i.DebugMon_Handler)
    Error_Handler                            0x08000cab   Thumb Code     4  main.o(i.Error_Handler)
    HAL_ADC_ConfigChannel                    0x08000cb1   Thumb Code   240  stm32f1xx_hal_adc.o(i.HAL_ADC_ConfigChannel)
    HAL_ADC_GetValue                         0x08000dad   Thumb Code     6  stm32f1xx_hal_adc.o(i.HAL_ADC_GetValue)
    HAL_ADC_Init                             0x08000db5   Thumb Code   276  stm32f1xx_hal_adc.o(i.HAL_ADC_Init)
    HAL_ADC_MspInit                          0x08000ed9   Thumb Code    76  adc.o(i.HAL_ADC_MspInit)
    HAL_ADC_PollForConversion                0x08000f31   Thumb Code   304  stm32f1xx_hal_adc.o(i.HAL_ADC_PollForConversion)
    HAL_ADC_Start                            0x0800106d   Thumb Code   184  stm32f1xx_hal_adc.o(i.HAL_ADC_Start)
    HAL_DMA_Abort                            0x0800112d   Thumb Code    70  stm32f1xx_hal_dma.o(i.HAL_DMA_Abort)
    HAL_DMA_Abort_IT                         0x08001175   Thumb Code   296  stm32f1xx_hal_dma.o(i.HAL_DMA_Abort_IT)
    HAL_Delay                                0x080012a5   Thumb Code    32  stm32f1xx_hal.o(i.HAL_Delay)
    HAL_GPIO_Init                            0x080012c9   Thumb Code   462  stm32f1xx_hal_gpio.o(i.HAL_GPIO_Init)
    HAL_GPIO_WritePin                        0x080014c1   Thumb Code    10  stm32f1xx_hal_gpio.o(i.HAL_GPIO_WritePin)
    HAL_GetTick                              0x080014cd   Thumb Code     6  stm32f1xx_hal.o(i.HAL_GetTick)
    HAL_IncTick                              0x080014d9   Thumb Code    12  stm32f1xx_hal.o(i.HAL_IncTick)
    HAL_Init                                 0x080014e9   Thumb Code    32  stm32f1xx_hal.o(i.HAL_Init)
    HAL_InitTick                             0x0800150d   Thumb Code    54  stm32f1xx_hal.o(i.HAL_InitTick)
    HAL_MspInit                              0x0800154d   Thumb Code    58  stm32f1xx_hal_msp.o(i.HAL_MspInit)
    HAL_NVIC_EnableIRQ                       0x08001591   Thumb Code    26  stm32f1xx_hal_cortex.o(i.HAL_NVIC_EnableIRQ)
    HAL_NVIC_SetPriority                     0x080015ad   Thumb Code    60  stm32f1xx_hal_cortex.o(i.HAL_NVIC_SetPriority)
    HAL_NVIC_SetPriorityGrouping             0x080015ed   Thumb Code    26  stm32f1xx_hal_cortex.o(i.HAL_NVIC_SetPriorityGrouping)
    HAL_RCCEx_GetPeriphCLKFreq               0x08001611   Thumb Code   166  stm32f1xx_hal_rcc_ex.o(i.HAL_RCCEx_GetPeriphCLKFreq)
    HAL_RCCEx_PeriphCLKConfig                0x080016c9   Thumb Code   224  stm32f1xx_hal_rcc_ex.o(i.HAL_RCCEx_PeriphCLKConfig)
    HAL_RCC_ClockConfig                      0x080017b5   Thumb Code   280  stm32f1xx_hal_rcc.o(i.HAL_RCC_ClockConfig)
    HAL_RCC_GetPCLK1Freq                     0x080018e1   Thumb Code    20  stm32f1xx_hal_rcc.o(i.HAL_RCC_GetPCLK1Freq)
    HAL_RCC_GetPCLK2Freq                     0x08001901   Thumb Code    20  stm32f1xx_hal_rcc.o(i.HAL_RCC_GetPCLK2Freq)
    HAL_RCC_GetSysClockFreq                  0x08001921   Thumb Code    58  stm32f1xx_hal_rcc.o(i.HAL_RCC_GetSysClockFreq)
    HAL_RCC_OscConfig                        0x0800196d   Thumb Code   778  stm32f1xx_hal_rcc.o(i.HAL_RCC_OscConfig)
    HAL_SYSTICK_Config                       0x08001c8d   Thumb Code    40  stm32f1xx_hal_cortex.o(i.HAL_SYSTICK_Config)
    HAL_TIMEx_BreakCallback                  0x08001cb5   Thumb Code     2  stm32f1xx_hal_tim_ex.o(i.HAL_TIMEx_BreakCallback)
    HAL_TIMEx_CommutCallback                 0x08001cb7   Thumb Code     2  stm32f1xx_hal_tim_ex.o(i.HAL_TIMEx_CommutCallback)
    HAL_TIMEx_MasterConfigSynchronization    0x08001cb9   Thumb Code   104  stm32f1xx_hal_tim_ex.o(i.HAL_TIMEx_MasterConfigSynchronization)
    HAL_TIM_Base_Init                        0x08001d35   Thumb Code    90  stm32f1xx_hal_tim.o(i.HAL_TIM_Base_Init)
    HAL_TIM_Base_MspInit                     0x08001d91   Thumb Code    50  tim.o(i.HAL_TIM_Base_MspInit)
    HAL_TIM_Base_Start_IT                    0x08001dcd   Thumb Code    88  stm32f1xx_hal_tim.o(i.HAL_TIM_Base_Start_IT)
    HAL_TIM_ConfigClockSource                0x08001e39   Thumb Code   220  stm32f1xx_hal_tim.o(i.HAL_TIM_ConfigClockSource)
    HAL_TIM_Encoder_Init                     0x08001f15   Thumb Code   164  stm32f1xx_hal_tim.o(i.HAL_TIM_Encoder_Init)
    HAL_TIM_Encoder_MspInit                  0x08001fb9   Thumb Code   124  tim.o(i.HAL_TIM_Encoder_MspInit)
    HAL_TIM_Encoder_Start                    0x08002049   Thumb Code   142  stm32f1xx_hal_tim.o(i.HAL_TIM_Encoder_Start)
    HAL_TIM_IC_CaptureCallback               0x080020d7   Thumb Code     2  stm32f1xx_hal_tim.o(i.HAL_TIM_IC_CaptureCallback)
    HAL_TIM_IRQHandler                       0x080020d9   Thumb Code   358  stm32f1xx_hal_tim.o(i.HAL_TIM_IRQHandler)
    HAL_TIM_MspPostInit                      0x08002241   Thumb Code    94  tim.o(i.HAL_TIM_MspPostInit)
    HAL_TIM_OC_DelayElapsedCallback          0x080022b1   Thumb Code     2  stm32f1xx_hal_tim.o(i.HAL_TIM_OC_DelayElapsedCallback)
    HAL_TIM_PWM_ConfigChannel                0x080022b3   Thumb Code   204  stm32f1xx_hal_tim.o(i.HAL_TIM_PWM_ConfigChannel)
    HAL_TIM_PWM_Init                         0x0800237f   Thumb Code    90  stm32f1xx_hal_tim.o(i.HAL_TIM_PWM_Init)
    HAL_TIM_PWM_MspInit                      0x080023d9   Thumb Code     2  stm32f1xx_hal_tim.o(i.HAL_TIM_PWM_MspInit)
    HAL_TIM_PWM_PulseFinishedCallback        0x080023db   Thumb Code     2  stm32f1xx_hal_tim.o(i.HAL_TIM_PWM_PulseFinishedCallback)
    HAL_TIM_PWM_Start                        0x080023dd   Thumb Code   160  stm32f1xx_hal_tim.o(i.HAL_TIM_PWM_Start)
    HAL_TIM_PeriodElapsedCallback            0x08002491   Thumb Code   218  main.o(i.HAL_TIM_PeriodElapsedCallback)
    HAL_TIM_TriggerCallback                  0x080025a5   Thumb Code     2  stm32f1xx_hal_tim.o(i.HAL_TIM_TriggerCallback)
    HAL_UARTEx_RxEventCallback               0x080025a7   Thumb Code     2  stm32f1xx_hal_uart.o(i.HAL_UARTEx_RxEventCallback)
    HAL_UART_ErrorCallback                   0x080025a9   Thumb Code     2  stm32f1xx_hal_uart.o(i.HAL_UART_ErrorCallback)
    HAL_UART_IRQHandler                      0x080025ad   Thumb Code   616  stm32f1xx_hal_uart.o(i.HAL_UART_IRQHandler)
    HAL_UART_Init                            0x08002819   Thumb Code   100  stm32f1xx_hal_uart.o(i.HAL_UART_Init)
    HAL_UART_MspInit                         0x0800287d   Thumb Code   214  usart.o(i.HAL_UART_MspInit)
    HAL_UART_Receive                         0x0800296d   Thumb Code   172  stm32f1xx_hal_uart.o(i.HAL_UART_Receive)
    HAL_UART_Receive_IT                      0x08002a19   Thumb Code    28  stm32f1xx_hal_uart.o(i.HAL_UART_Receive_IT)
    HAL_UART_RxCpltCallback                  0x08002a35   Thumb Code   316  main.o(i.HAL_UART_RxCpltCallback)
    HAL_UART_Transmit                        0x08002b85   Thumb Code   154  stm32f1xx_hal_uart.o(i.HAL_UART_Transmit)
    HAL_UART_TxCpltCallback                  0x08002c1f   Thumb Code     2  stm32f1xx_hal_uart.o(i.HAL_UART_TxCpltCallback)
    HardFault_Handler                        0x08002c21   Thumb Code     2  stm32f1xx_it.o(i.HardFault_Handler)
    I2C_ReadOneByte                          0x08002c23   Thumb Code    62  ioi2c.o(i.I2C_ReadOneByte)
    IIC_Ack                                  0x08002c61   Thumb Code    54  ioi2c.o(i.IIC_Ack)
    IIC_NAck                                 0x08002ca1   Thumb Code    56  ioi2c.o(i.IIC_NAck)
    IIC_Read_Byte                            0x08002ce1   Thumb Code   100  ioi2c.o(i.IIC_Read_Byte)
    IIC_Send_Byte                            0x08002d4d   Thumb Code    86  ioi2c.o(i.IIC_Send_Byte)
    IIC_Start                                0x08002dad   Thumb Code    72  ioi2c.o(i.IIC_Start)
    IIC_Stop                                 0x08002dfd   Thumb Code    56  ioi2c.o(i.IIC_Stop)
    IIC_Wait_Ack                             0x08002e3d   Thumb Code    80  ioi2c.o(i.IIC_Wait_Ack)
    IICreadByte                              0x08002e95   Thumb Code    14  ioi2c.o(i.IICreadByte)
    IICwriteBit                              0x08002ea3   Thumb Code    50  ioi2c.o(i.IICwriteBit)
    IICwriteBits                             0x08002ed5   Thumb Code    84  ioi2c.o(i.IICwriteBits)
    IICwriteByte                             0x08002f29   Thumb Code    12  ioi2c.o(i.IICwriteByte)
    IICwriteBytes                            0x08002f35   Thumb Code    68  ioi2c.o(i.IICwriteBytes)
    MPU6050_initialize                       0x08002f79   Thumb Code    42  mpu6050.o(i.MPU6050_initialize)
    MPU6050_setClockSource                   0x08002fa3   Thumb Code    18  mpu6050.o(i.MPU6050_setClockSource)
    MPU6050_setFullScaleAccelRange           0x08002fb5   Thumb Code    18  mpu6050.o(i.MPU6050_setFullScaleAccelRange)
    MPU6050_setFullScaleGyroRange            0x08002fc7   Thumb Code    18  mpu6050.o(i.MPU6050_setFullScaleGyroRange)
    MPU6050_setI2CBypassEnabled              0x08002fd9   Thumb Code    12  mpu6050.o(i.MPU6050_setI2CBypassEnabled)
    MPU6050_setI2CMasterModeEnabled          0x08002fe5   Thumb Code    12  mpu6050.o(i.MPU6050_setI2CMasterModeEnabled)
    MPU6050_setSleepEnabled                  0x08002ff1   Thumb Code    12  mpu6050.o(i.MPU6050_setSleepEnabled)
    MX_ADC2_Init                             0x08002ffd   Thumb Code    72  adc.o(i.MX_ADC2_Init)
    MX_GPIO_Init                             0x0800304d   Thumb Code   200  gpio.o(i.MX_GPIO_Init)
    MX_TIM3_Init                             0x08003125   Thumb Code   194  tim.o(i.MX_TIM3_Init)
    MX_TIM4_Init                             0x080031f1   Thumb Code   102  tim.o(i.MX_TIM4_Init)
    MX_TIM8_Init                             0x08003261   Thumb Code   104  tim.o(i.MX_TIM8_Init)
    MX_UART5_Init                            0x080032d1   Thumb Code    48  usart.o(i.MX_UART5_Init)
    MX_USART1_UART_Init                      0x08003309   Thumb Code    48  usart.o(i.MX_USART1_UART_Init)
    MemManage_Handler                        0x08003341   Thumb Code     2  stm32f1xx_it.o(i.MemManage_Handler)
    Motor_Control                            0x08003343   Thumb Code    34  main.o(i.Motor_Control)
    Motor_Left                               0x08003365   Thumb Code    32  main.o(i.Motor_Left)
    Motor_Right                              0x08003389   Thumb Code    34  main.o(i.Motor_Right)
    NMI_Handler                              0x080033b1   Thumb Code     2  stm32f1xx_it.o(i.NMI_Handler)
    OLED_Clear                               0x080033b5   Thumb Code    40  bsp_oled.o(i.OLED_Clear)
    OLED_DrawPoint                           0x080033e1   Thumb Code    54  bsp_oled.o(i.OLED_DrawPoint)
    OLED_Init                                0x0800341d   Thumb Code   232  bsp_oled.o(i.OLED_Init)
    OLED_Refresh_Gram                        0x08003509   Thumb Code    70  bsp_oled.o(i.OLED_Refresh_Gram)
    OLED_Show                                0x08003555   Thumb Code   240  main.o(i.OLED_Show)
    OLED_ShowChar                            0x080036bd   Thumb Code   134  bsp_oled.o(i.OLED_ShowChar)
    OLED_ShowString                          0x0800374d   Thumb Code    62  bsp_oled.o(i.OLED_ShowString)
    OLED_WR_Byte                             0x0800378d   Thumb Code    64  bsp_oled.o(i.OLED_WR_Byte)
    PID_init                                 0x080037d5   Thumb Code   142  pid.o(i.PID_init)
    PID_realize                              0x0800388d   Thumb Code   112  pid.o(i.PID_realize)
    PendSV_Handler                           0x08003905   Thumb Code     2  stm32f1xx_it.o(i.PendSV_Handler)
    Read_DMP                                 0x08003909   Thumb Code   458  mpu6050.o(i.Read_DMP)
    SVC_Handler                              0x08003ae9   Thumb Code     2  stm32f1xx_it.o(i.SVC_Handler)
    SysTick_Delay_Ms                         0x08003b19   Thumb Code    50  bsp_systick.o(i.SysTick_Delay_Ms)
    SysTick_Delay_Us                         0x08003b51   Thumb Code    48  bsp_systick.o(i.SysTick_Delay_Us)
    SysTick_Handler                          0x08003b89   Thumb Code     4  stm32f1xx_it.o(i.SysTick_Handler)
    SystemClock_Config                       0x08003b8d   Thumb Code   122  main.o(i.SystemClock_Config)
    SystemInit                               0x08003c07   Thumb Code     2  system_stm32f1xx.o(i.SystemInit)
    TIM3_IRQHandler                          0x08003c09   Thumb Code     6  stm32f1xx_it.o(i.TIM3_IRQHandler)
    TIM_Base_SetConfig                       0x08003c15   Thumb Code   120  stm32f1xx_hal_tim.o(i.TIM_Base_SetConfig)
    TIM_CCxChannelCmd                        0x08003ca1   Thumb Code    26  stm32f1xx_hal_tim.o(i.TIM_CCxChannelCmd)
    TIM_ETR_SetConfig                        0x08003cbb   Thumb Code    20  stm32f1xx_hal_tim.o(i.TIM_ETR_SetConfig)
    TIM_OC2_SetConfig                        0x08003d41   Thumb Code    98  stm32f1xx_hal_tim.o(i.TIM_OC2_SetConfig)
    UART5_IRQHandler                         0x08003ead   Thumb Code     6  stm32f1xx_it.o(i.UART5_IRQHandler)
    UART_Start_Receive_IT                    0x08004091   Thumb Code    54  stm32f1xx_hal_uart.o(i.UART_Start_Receive_IT)
    USART1_IRQHandler                        0x08004141   Thumb Code    56  stm32f1xx_it.o(i.USART1_IRQHandler)
    UsageFault_Handler                       0x08004185   Thumb Code     2  stm32f1xx_it.o(i.UsageFault_Handler)
    XianFu_PWM                               0x08004187   Thumb Code    18  main.o(i.XianFu_PWM)
    __0printf                                0x08004199   Thumb Code    22  printfa.o(i.__0printf)
    __1printf                                0x08004199   Thumb Code     0  printfa.o(i.__0printf)
    __2printf                                0x08004199   Thumb Code     0  printfa.o(i.__0printf)
    __c89printf                              0x08004199   Thumb Code     0  printfa.o(i.__0printf)
    printf                                   0x08004199   Thumb Code     0  printfa.o(i.__0printf)
    __0sprintf                               0x080041b9   Thumb Code    34  printfa.o(i.__0sprintf)
    __1sprintf                               0x080041b9   Thumb Code     0  printfa.o(i.__0sprintf)
    __2sprintf                               0x080041b9   Thumb Code     0  printfa.o(i.__0sprintf)
    __c89sprintf                             0x080041b9   Thumb Code     0  printfa.o(i.__0sprintf)
    sprintf                                  0x080041b9   Thumb Code     0  printfa.o(i.__0sprintf)
    __ARM_fpclassify                         0x080041e1   Thumb Code    40  fpclassify.o(i.__ARM_fpclassify)
    __kernel_poly                            0x08004229   Thumb Code   170  poly.o(i.__kernel_poly)
    __mathlib_dbl_infnan                     0x080042d3   Thumb Code     6  dunder.o(i.__mathlib_dbl_infnan)
    __mathlib_dbl_infnan2                    0x080042d9   Thumb Code     4  dunder.o(i.__mathlib_dbl_infnan2)
    __mathlib_dbl_invalid                    0x080042dd   Thumb Code    12  dunder.o(i.__mathlib_dbl_invalid)
    __mathlib_dbl_underflow                  0x080042e9   Thumb Code    10  dunder.o(i.__mathlib_dbl_underflow)
    __scatterload_copy                       0x080042f9   Thumb Code    14  handlers.o(i.__scatterload_copy)
    __scatterload_null                       0x08004307   Thumb Code     2  handlers.o(i.__scatterload_null)
    __scatterload_zeroinit                   0x08004309   Thumb Code    14  handlers.o(i.__scatterload_zeroinit)
    __set_errno                              0x08004319   Thumb Code     6  errno.o(i.__set_errno)
    adcGetBatteryVoltage                     0x08004c41   Thumb Code    60  adc.o(i.adcGetBatteryVoltage)
    asin                                     0x08004c91   Thumb Code   572  asin.o(i.asin)
    atan                                     0x08004f01   Thumb Code   474  atan.o(i.atan)
    atan2                                    0x08005121   Thumb Code   346  atan2.o(i.atan2)
    data_process                             0x080052a1   Thumb Code   572  lidar.o(i.data_process)
    dmp_enable_6x_lp_quat                    0x08005505   Thumb Code    58  inv_mpu_dmp_motion_driver.o(i.dmp_enable_6x_lp_quat)
    dmp_enable_feature                       0x08005541   Thumb Code   464  inv_mpu_dmp_motion_driver.o(i.dmp_enable_feature)
    dmp_enable_gyro_cal                      0x08005719   Thumb Code    34  inv_mpu_dmp_motion_driver.o(i.dmp_enable_gyro_cal)
    dmp_enable_lp_quat                       0x08005755   Thumb Code    58  inv_mpu_dmp_motion_driver.o(i.dmp_enable_lp_quat)
    dmp_load_motion_driver_firmware          0x08005791   Thumb Code    16  inv_mpu_dmp_motion_driver.o(i.dmp_load_motion_driver_firmware)
    dmp_read_fifo                            0x080057a5   Thumb Code   320  inv_mpu_dmp_motion_driver.o(i.dmp_read_fifo)
    dmp_set_accel_bias                       0x080058e9   Thumb Code   210  inv_mpu_dmp_motion_driver.o(i.dmp_set_accel_bias)
    dmp_set_fifo_rate                        0x080059c1   Thumb Code    82  inv_mpu_dmp_motion_driver.o(i.dmp_set_fifo_rate)
    dmp_set_gyro_bias                        0x08005a25   Thumb Code   196  inv_mpu_dmp_motion_driver.o(i.dmp_set_gyro_bias)
    dmp_set_orientation                      0x08005af1   Thumb Code   246  inv_mpu_dmp_motion_driver.o(i.dmp_set_orientation)
    dmp_set_shake_reject_thresh              0x08005bfd   Thumb Code    48  inv_mpu_dmp_motion_driver.o(i.dmp_set_shake_reject_thresh)
    dmp_set_shake_reject_time                0x08005c2d   Thumb Code    32  inv_mpu_dmp_motion_driver.o(i.dmp_set_shake_reject_time)
    dmp_set_shake_reject_timeout             0x08005c4d   Thumb Code    32  inv_mpu_dmp_motion_driver.o(i.dmp_set_shake_reject_timeout)
    dmp_set_tap_axes                         0x08005c6d   Thumb Code    64  inv_mpu_dmp_motion_driver.o(i.dmp_set_tap_axes)
    dmp_set_tap_count                        0x08005cad   Thumb Code    34  inv_mpu_dmp_motion_driver.o(i.dmp_set_tap_count)
    dmp_set_tap_thresh                       0x08005cd1   Thumb Code   274  inv_mpu_dmp_motion_driver.o(i.dmp_set_tap_thresh)
    dmp_set_tap_time                         0x08005df9   Thumb Code    32  inv_mpu_dmp_motion_driver.o(i.dmp_set_tap_time)
    dmp_set_tap_time_multi                   0x08005e19   Thumb Code    32  inv_mpu_dmp_motion_driver.o(i.dmp_set_tap_time_multi)
    fputc                                    0x08005e39   Thumb Code    18  fputc.o(i.fputc)
    i2cRead                                  0x080062e1   Thumb Code   112  ioi2c.o(i.i2cRead)
    i2cWrite                                 0x08006351   Thumb Code    84  ioi2c.o(i.i2cWrite)
    main                                     0x080063ed   Thumb Code   248  main.o(i.main)
    mpu_configure_fifo                       0x08006511   Thumb Code    78  inv_mpu.o(i.mpu_configure_fifo)
    mpu_get_accel_fsr                        0x08006565   Thumb Code    54  inv_mpu.o(i.mpu_get_accel_fsr)
    mpu_get_accel_sens                       0x080065a1   Thumb Code    62  inv_mpu.o(i.mpu_get_accel_sens)
    mpu_get_gyro_fsr                         0x080065e5   Thumb Code    48  inv_mpu.o(i.mpu_get_gyro_fsr)
    mpu_get_gyro_sens                        0x08006619   Thumb Code    44  inv_mpu.o(i.mpu_get_gyro_sens)
    mpu_get_lpf                              0x08006659   Thumb Code    52  inv_mpu.o(i.mpu_get_lpf)
    mpu_get_sample_rate                      0x08006691   Thumb Code    22  inv_mpu.o(i.mpu_get_sample_rate)
    mpu_init                                 0x080066ad   Thumb Code   310  inv_mpu.o(i.mpu_init)
    mpu_load_firmware                        0x08006835   Thumb Code   154  inv_mpu.o(i.mpu_load_firmware)
    mpu_lp_accel_mode                        0x080068d5   Thumb Code   178  inv_mpu.o(i.mpu_lp_accel_mode)
    mpu_read_fifo_stream                     0x0800698d   Thumb Code   140  inv_mpu.o(i.mpu_read_fifo_stream)
    mpu_read_mem                             0x08006a1d   Thumb Code    80  inv_mpu.o(i.mpu_read_mem)
    mpu_reset_fifo                           0x08006a71   Thumb Code   330  inv_mpu.o(i.mpu_reset_fifo)
    mpu_run_self_test                        0x08006bc1   Thumb Code   234  inv_mpu.o(i.mpu_run_self_test)
    mpu_set_accel_fsr                        0x08006cb1   Thumb Code    98  inv_mpu.o(i.mpu_set_accel_fsr)
    mpu_set_bypass                           0x08006d19   Thumb Code   214  inv_mpu.o(i.mpu_set_bypass)
    mpu_set_dmp_state                        0x08006df5   Thumb Code   114  inv_mpu.o(i.mpu_set_dmp_state)
    mpu_set_gyro_fsr                         0x08006e6d   Thumb Code   104  inv_mpu.o(i.mpu_set_gyro_fsr)
    mpu_set_int_latched                      0x08006ed9   Thumb Code    94  inv_mpu.o(i.mpu_set_int_latched)
    mpu_set_lpf                              0x08006f3d   Thumb Code   102  inv_mpu.o(i.mpu_set_lpf)
    mpu_set_sample_rate                      0x08006fa9   Thumb Code   124  inv_mpu.o(i.mpu_set_sample_rate)
    mpu_set_sensors                          0x08007029   Thumb Code   178  inv_mpu.o(i.mpu_set_sensors)
    mpu_write_mem                            0x080070e1   Thumb Code    80  inv_mpu.o(i.mpu_write_mem)
    myget_ms                                 0x08007135   Thumb Code     2  inv_mpu.o(i.myget_ms)
    sqrt                                     0x08007209   Thumb Code    76  sqrt.o(i.sqrt)
    hw                                       0x08007db8   Data          12  inv_mpu.o(.constdata)
    reg                                      0x08007dc4   Data          27  inv_mpu.o(.constdata)
    test                                     0x08007de0   Data          40  inv_mpu.o(.constdata)
    AHBPrescTable                            0x08008a22   Data          16  system_stm32f1xx.o(.constdata)
    APBPrescTable                            0x08008a32   Data           8  system_stm32f1xx.o(.constdata)
    __mathlib_zero                           0x08008b28   Data           8  qnan.o(.constdata)
    Region$$Table$$Base                      0x08008b80   Number         0  anon$$obj.o(Region$$Table)
    Region$$Table$$Limit                     0x08008ba0   Number         0  anon$$obj.o(Region$$Table)
    Encoder1Count                            0x20000004   Data           2  main.o(.data)
    Encoder2Count                            0x20000006   Data           2  main.o(.data)
    Timer1Count                              0x20000008   Data           2  main.o(.data)
    Motor1Speed                              0x2000000c   Data           4  main.o(.data)
    Motor2Speed                              0x20000010   Data           4  main.o(.data)
    Motor1Pwm                                0x20000014   Data           4  main.o(.data)
    Mileage                                  0x20000018   Data           4  main.o(.data)
    g_fMPU6050YawMovePidOut                  0x2000001c   Data           4  main.o(.data)
    g_fMPU6050YawMovePidOut1                 0x20000020   Data           4  main.o(.data)
    g_fMPU6050YawMovePidOut2                 0x20000024   Data           4  main.o(.data)
    g_fMPU6050PitchMovePidOut                0x20000028   Data           4  main.o(.data)
    g_fMPU6050PitchMovePidOut1               0x2000002c   Data           4  main.o(.data)
    g_fMPU6050PitchMovePidOut2               0x20000030   Data           4  main.o(.data)
    usart1_ReadBufCount                      0x2000003c   Data           1  stm32f1xx_it.o(.data)
    usart5_ReadBuf                           0x2000003d   Data           1  stm32f1xx_it.o(.data)
    one_lap_data_success_flag                0x20000040   Data           1  lidar.o(.data)
    lap_count                                0x20000044   Data           4  lidar.o(.data)
    PointDataProcess_count                   0x20000048   Data           4  lidar.o(.data)
    test_once_flag                           0x2000004c   Data           4  lidar.o(.data)
    Dividing_point                           0x20000050   Data           4  lidar.o(.data)
    sensors                                  0x20000080   Data           2  mpu6050.o(.data)
    q0                                       0x20000084   Data           4  mpu6050.o(.data)
    q1                                       0x20000088   Data           4  mpu6050.o(.data)
    q2                                       0x2000008c   Data           4  mpu6050.o(.data)
    q3                                       0x20000090   Data           4  mpu6050.o(.data)
    Roll                                     0x20000094   Data           4  mpu6050.o(.data)
    Pitch                                    0x20000098   Data           4  mpu6050.o(.data)
    Yaw                                      0x2000009c   Data           4  mpu6050.o(.data)
    gyro                                     0x200000a0   Data           6  mpu6050.o(.data)
    accel                                    0x200000a6   Data           6  mpu6050.o(.data)
    uwTickFreq                               0x200000b8   Data           1  stm32f1xx_hal.o(.data)
    uwTickPrio                               0x200000bc   Data           4  stm32f1xx_hal.o(.data)
    uwTick                                   0x200000c0   Data           4  stm32f1xx_hal.o(.data)
    SystemCoreClock                          0x200000c4   Data           4  system_stm32f1xx.o(.data)
    __stdout                                 0x200000c8   Data           4  stdout.o(.data)
    str                                      0x200000d0   Data         256  main.o(.bss)
    OledString                               0x200001d0   Data          30  main.o(.bss)
    hadc2                                    0x200001f0   Data          48  adc.o(.bss)
    htim3                                    0x20000220   Data          72  tim.o(.bss)
    htim4                                    0x20000268   Data          72  tim.o(.bss)
    htim8                                    0x200002b0   Data          72  tim.o(.bss)
    huart5                                   0x200002f8   Data          72  usart.o(.bss)
    huart1                                   0x20000340   Data          72  usart.o(.bss)
    usart1_ReadBuf                           0x20000388   Data         256  stm32f1xx_it.o(.bss)
    OLED_GRAM                                0x20000488   Data        1024  bsp_oled.o(.bss)
    TempData                                 0x20000888   Data         168  lidar.o(.bss)
    PointDataProcess                         0x20000930   Data        5880  lidar.o(.bss)
    Dataprocess                              0x20002028   Data        5600  lidar.o(.bss)
    Pack_Data                                0x20003608   Data          47  lidar.o(.bss)
    pidMotor1Speed                           0x20003638   Data          36  pid.o(.bss)
    pidMotor2Speed                           0x2000365c   Data          36  pid.o(.bss)
    pidMPU6050YawMovement                    0x20003680   Data          36  pid.o(.bss)
    pidMPU6050PitchMovement                  0x200036a4   Data          36  pid.o(.bss)
    wheel1                                   0x200036c8   Data          32  pid.o(.bss)
    wheel2                                   0x200036e8   Data          32  pid.o(.bss)
    __initial_sp                             0x20003f18   Data           0  startup_stm32f103xe.o(STACK)



==============================================================================

Memory Map of the image

  Image Entry point : 0x08000131

  Load Region LR_IROM1 (Base: 0x08000000, Size: 0x00008c70, Max: 0x00040000, ABSOLUTE)

    Execution Region ER_IROM1 (Base: 0x08000000, Size: 0x00008ba0, Max: 0x00040000, ABSOLUTE)

    Base Addr    Size         Type   Attr      Idx    E Section Name        Object

    0x08000000   0x00000130   Data   RO            3    RESET               startup_stm32f103xe.o
    0x08000130   0x00000000   Code   RO         4287  * .ARM.Collect$$$$00000000  mc_w.l(entry.o)
    0x08000130   0x00000004   Code   RO         4626    .ARM.Collect$$$$00000001  mc_w.l(entry2.o)
    0x08000134   0x00000004   Code   RO         4629    .ARM.Collect$$$$00000004  mc_w.l(entry5.o)
    0x08000138   0x00000000   Code   RO         4631    .ARM.Collect$$$$00000008  mc_w.l(entry7b.o)
    0x08000138   0x00000000   Code   RO         4633    .ARM.Collect$$$$0000000A  mc_w.l(entry8b.o)
    0x08000138   0x00000008   Code   RO         4634    .ARM.Collect$$$$0000000B  mc_w.l(entry9a.o)
    0x08000140   0x00000000   Code   RO         4636    .ARM.Collect$$$$0000000D  mc_w.l(entry10a.o)
    0x08000140   0x00000000   Code   RO         4638    .ARM.Collect$$$$0000000F  mc_w.l(entry11a.o)
    0x08000140   0x00000004   Code   RO         4627    .ARM.Collect$$$$00002712  mc_w.l(entry2.o)
    0x08000144   0x00000024   Code   RO            4    .text               startup_stm32f103xe.o
    0x08000168   0x00000062   Code   RO         4290    .text               mc_w.l(ldiv.o)
    0x080001ca   0x00000020   Code   RO         4292    .text               mc_w.l(llushr.o)
    0x080001ea   0x00000024   Code   RO         4294    .text               mc_w.l(memseta.o)
    0x0800020e   0x0000001a   Code   RO         4296    .text               mc_w.l(memcmp.o)
    0x08000228   0x000000b0   Code   RO         4559    .text               mf_w.l(fadd.o)
    0x080002d8   0x00000064   Code   RO         4561    .text               mf_w.l(fmul.o)
    0x0800033c   0x0000007c   Code   RO         4563    .text               mf_w.l(fdiv.o)
    0x080003b8   0x00000018   Code   RO         4565    .text               mf_w.l(fscalb.o)
    0x080003d0   0x0000014e   Code   RO         4567    .text               mf_w.l(dadd.o)
    0x0800051e   0x000000e4   Code   RO         4569    .text               mf_w.l(dmul.o)
    0x08000602   0x000000de   Code   RO         4571    .text               mf_w.l(ddiv.o)
    0x080006e0   0x00000012   Code   RO         4573    .text               mf_w.l(fflti.o)
    0x080006f2   0x0000000a   Code   RO         4575    .text               mf_w.l(ffltui.o)
    0x080006fc   0x0000001a   Code   RO         4577    .text               mf_w.l(dfltui.o)
    0x08000716   0x00000032   Code   RO         4579    .text               mf_w.l(ffixi.o)
    0x08000748   0x00000028   Code   RO         4581    .text               mf_w.l(ffixui.o)
    0x08000770   0x00000026   Code   RO         4583    .text               mf_w.l(f2d.o)
    0x08000796   0x00000038   Code   RO         4585    .text               mf_w.l(d2f.o)
    0x080007ce   0x00000002   PAD
    0x080007d0   0x00000014   Code   RO         4587    .text               mf_w.l(cfrcmple.o)
    0x080007e4   0x0000002c   Code   RO         4643    .text               mc_w.l(uidiv.o)
    0x08000810   0x00000062   Code   RO         4645    .text               mc_w.l(uldiv.o)
    0x08000872   0x0000001e   Code   RO         4647    .text               mc_w.l(llshl.o)
    0x08000890   0x00000024   Code   RO         4649    .text               mc_w.l(llsshr.o)
    0x080008b4   0x00000000   Code   RO         4658    .text               mc_w.l(iusefp.o)
    0x080008b4   0x0000006e   Code   RO         4659    .text               mf_w.l(fepilogue.o)
    0x08000922   0x000000ba   Code   RO         4661    .text               mf_w.l(depilogue.o)
    0x080009dc   0x0000002e   Code   RO         4663    .text               mf_w.l(dscalb.o)
    0x08000a0a   0x00000030   Code   RO         4665    .text               mf_w.l(dfixul.o)
    0x08000a3a   0x00000002   PAD
    0x08000a3c   0x00000030   Code   RO         4667    .text               mf_w.l(cdrcmple.o)
    0x08000a6c   0x00000024   Code   RO         4669    .text               mc_w.l(init.o)
    0x08000a90   0x00000000   Code   RO         4671    .text               mc_w.l(semi.o)
    0x08000a90   0x00000000   Code   RO         4672    .text               mc_w.l(iusesemip.o)
    0x08000a90   0x000000a2   Code   RO         4673    .text               mf_w.l(dsqrt.o)
    0x08000b32   0x00000002   PAD
    0x08000b34   0x00000056   Code   RO         1645    i.ADC_ConversionStop_Disable  stm32f1xx_hal_adc.o
    0x08000b8a   0x00000002   PAD
    0x08000b8c   0x0000007c   Code   RO         1649    i.ADC_Enable        stm32f1xx_hal_adc.o
    0x08000c08   0x00000002   Code   RO          476    i.BusFault_Handler  stm32f1xx_it.o
    0x08000c0a   0x00000002   PAD
    0x08000c0c   0x0000009c   Code   RO         1491    i.DMP_Init          mpu6050.o
    0x08000ca8   0x00000002   Code   RO          477    i.DebugMon_Handler  stm32f1xx_it.o
    0x08000caa   0x00000004   Code   RO           14    i.Error_Handler     main.o
    0x08000cae   0x00000002   PAD
    0x08000cb0   0x000000fc   Code   RO         1651    i.HAL_ADC_ConfigChannel  stm32f1xx_hal_adc.o
    0x08000dac   0x00000006   Code   RO         1658    i.HAL_ADC_GetValue  stm32f1xx_hal_adc.o
    0x08000db2   0x00000002   PAD
    0x08000db4   0x00000124   Code   RO         1660    i.HAL_ADC_Init      stm32f1xx_hal_adc.o
    0x08000ed8   0x00000058   Code   RO          309    i.HAL_ADC_MspInit   adc.o
    0x08000f30   0x0000013c   Code   RO         1664    i.HAL_ADC_PollForConversion  stm32f1xx_hal_adc.o
    0x0800106c   0x000000c0   Code   RO         1666    i.HAL_ADC_Start     stm32f1xx_hal_adc.o
    0x0800112c   0x00000046   Code   RO         2302    i.HAL_DMA_Abort     stm32f1xx_hal_dma.o
    0x08001172   0x00000002   PAD
    0x08001174   0x00000130   Code   RO         2303    i.HAL_DMA_Abort_IT  stm32f1xx_hal_dma.o
    0x080012a4   0x00000024   Code   RO         1928    i.HAL_Delay         stm32f1xx_hal.o
    0x080012c8   0x000001f8   Code   RO         2238    i.HAL_GPIO_Init     stm32f1xx_hal_gpio.o
    0x080014c0   0x0000000a   Code   RO         2242    i.HAL_GPIO_WritePin  stm32f1xx_hal_gpio.o
    0x080014ca   0x00000002   PAD
    0x080014cc   0x0000000c   Code   RO         1932    i.HAL_GetTick       stm32f1xx_hal.o
    0x080014d8   0x00000010   Code   RO         1938    i.HAL_IncTick       stm32f1xx_hal.o
    0x080014e8   0x00000024   Code   RO         1939    i.HAL_Init          stm32f1xx_hal.o
    0x0800150c   0x00000040   Code   RO         1940    i.HAL_InitTick      stm32f1xx_hal.o
    0x0800154c   0x00000044   Code   RO          575    i.HAL_MspInit       stm32f1xx_hal_msp.o
    0x08001590   0x0000001a   Code   RO         2398    i.HAL_NVIC_EnableIRQ  stm32f1xx_hal_cortex.o
    0x080015aa   0x00000002   PAD
    0x080015ac   0x00000040   Code   RO         2404    i.HAL_NVIC_SetPriority  stm32f1xx_hal_cortex.o
    0x080015ec   0x00000024   Code   RO         2405    i.HAL_NVIC_SetPriorityGrouping  stm32f1xx_hal_cortex.o
    0x08001610   0x000000b8   Code   RO         2199    i.HAL_RCCEx_GetPeriphCLKFreq  stm32f1xx_hal_rcc_ex.o
    0x080016c8   0x000000ec   Code   RO         2200    i.HAL_RCCEx_PeriphCLKConfig  stm32f1xx_hal_rcc_ex.o
    0x080017b4   0x0000012c   Code   RO         2096    i.HAL_RCC_ClockConfig  stm32f1xx_hal_rcc.o
    0x080018e0   0x00000020   Code   RO         2103    i.HAL_RCC_GetPCLK1Freq  stm32f1xx_hal_rcc.o
    0x08001900   0x00000020   Code   RO         2104    i.HAL_RCC_GetPCLK2Freq  stm32f1xx_hal_rcc.o
    0x08001920   0x0000004c   Code   RO         2105    i.HAL_RCC_GetSysClockFreq  stm32f1xx_hal_rcc.o
    0x0800196c   0x00000320   Code   RO         2108    i.HAL_RCC_OscConfig  stm32f1xx_hal_rcc.o
    0x08001c8c   0x00000028   Code   RO         2409    i.HAL_SYSTICK_Config  stm32f1xx_hal_cortex.o
    0x08001cb4   0x00000002   Code   RO         3604    i.HAL_TIMEx_BreakCallback  stm32f1xx_hal_tim_ex.o
    0x08001cb6   0x00000002   Code   RO         3605    i.HAL_TIMEx_CommutCallback  stm32f1xx_hal_tim_ex.o
    0x08001cb8   0x0000007c   Code   RO         3623    i.HAL_TIMEx_MasterConfigSynchronization  stm32f1xx_hal_tim_ex.o
    0x08001d34   0x0000005a   Code   RO         2900    i.HAL_TIM_Base_Init  stm32f1xx_hal_tim.o
    0x08001d8e   0x00000002   PAD
    0x08001d90   0x0000003c   Code   RO          357    i.HAL_TIM_Base_MspInit  tim.o
    0x08001dcc   0x0000006c   Code   RO         2905    i.HAL_TIM_Base_Start_IT  stm32f1xx_hal_tim.o
    0x08001e38   0x000000dc   Code   RO         2909    i.HAL_TIM_ConfigClockSource  stm32f1xx_hal_tim.o
    0x08001f14   0x000000a4   Code   RO         2921    i.HAL_TIM_Encoder_Init  stm32f1xx_hal_tim.o
    0x08001fb8   0x00000090   Code   RO          359    i.HAL_TIM_Encoder_MspInit  tim.o
    0x08002048   0x0000008e   Code   RO         2924    i.HAL_TIM_Encoder_Start  stm32f1xx_hal_tim.o
    0x080020d6   0x00000002   Code   RO         2934    i.HAL_TIM_IC_CaptureCallback  stm32f1xx_hal_tim.o
    0x080020d8   0x00000166   Code   RO         2948    i.HAL_TIM_IRQHandler  stm32f1xx_hal_tim.o
    0x0800223e   0x00000002   PAD
    0x08002240   0x00000070   Code   RO          360    i.HAL_TIM_MspPostInit  tim.o
    0x080022b0   0x00000002   Code   RO         2951    i.HAL_TIM_OC_DelayElapsedCallback  stm32f1xx_hal_tim.o
    0x080022b2   0x000000cc   Code   RO         2972    i.HAL_TIM_PWM_ConfigChannel  stm32f1xx_hal_tim.o
    0x0800237e   0x0000005a   Code   RO         2975    i.HAL_TIM_PWM_Init  stm32f1xx_hal_tim.o
    0x080023d8   0x00000002   Code   RO         2977    i.HAL_TIM_PWM_MspInit  stm32f1xx_hal_tim.o
    0x080023da   0x00000002   Code   RO         2978    i.HAL_TIM_PWM_PulseFinishedCallback  stm32f1xx_hal_tim.o
    0x080023dc   0x000000b4   Code   RO         2980    i.HAL_TIM_PWM_Start  stm32f1xx_hal_tim.o
    0x08002490   0x00000114   Code   RO           15    i.HAL_TIM_PeriodElapsedCallback  main.o
    0x080025a4   0x00000002   Code   RO         2991    i.HAL_TIM_TriggerCallback  stm32f1xx_hal_tim.o
    0x080025a6   0x00000002   Code   RO         3883    i.HAL_UARTEx_RxEventCallback  stm32f1xx_hal_uart.o
    0x080025a8   0x00000002   Code   RO         3897    i.HAL_UART_ErrorCallback  stm32f1xx_hal_uart.o
    0x080025aa   0x00000002   PAD
    0x080025ac   0x0000026c   Code   RO         3900    i.HAL_UART_IRQHandler  stm32f1xx_hal_uart.o
    0x08002818   0x00000064   Code   RO         3901    i.HAL_UART_Init     stm32f1xx_hal_uart.o
    0x0800287c   0x000000f0   Code   RO          429    i.HAL_UART_MspInit  usart.o
    0x0800296c   0x000000ac   Code   RO         3904    i.HAL_UART_Receive  stm32f1xx_hal_uart.o
    0x08002a18   0x0000001c   Code   RO         3906    i.HAL_UART_Receive_IT  stm32f1xx_hal_uart.o
    0x08002a34   0x00000150   Code   RO           16    i.HAL_UART_RxCpltCallback  main.o
    0x08002b84   0x0000009a   Code   RO         3909    i.HAL_UART_Transmit  stm32f1xx_hal_uart.o
    0x08002c1e   0x00000002   Code   RO         3912    i.HAL_UART_TxCpltCallback  stm32f1xx_hal_uart.o
    0x08002c20   0x00000002   Code   RO          478    i.HardFault_Handler  stm32f1xx_it.o
    0x08002c22   0x0000003e   Code   RO         1375    i.I2C_ReadOneByte   ioi2c.o
    0x08002c60   0x00000040   Code   RO         1376    i.IIC_Ack           ioi2c.o
    0x08002ca0   0x00000040   Code   RO         1377    i.IIC_NAck          ioi2c.o
    0x08002ce0   0x0000006c   Code   RO         1378    i.IIC_Read_Byte     ioi2c.o
    0x08002d4c   0x00000060   Code   RO         1379    i.IIC_Send_Byte     ioi2c.o
    0x08002dac   0x00000050   Code   RO         1380    i.IIC_Start         ioi2c.o
    0x08002dfc   0x00000040   Code   RO         1381    i.IIC_Stop          ioi2c.o
    0x08002e3c   0x00000058   Code   RO         1382    i.IIC_Wait_Ack      ioi2c.o
    0x08002e94   0x0000000e   Code   RO         1383    i.IICreadByte       ioi2c.o
    0x08002ea2   0x00000032   Code   RO         1385    i.IICwriteBit       ioi2c.o
    0x08002ed4   0x00000054   Code   RO         1386    i.IICwriteBits      ioi2c.o
    0x08002f28   0x0000000c   Code   RO         1387    i.IICwriteByte      ioi2c.o
    0x08002f34   0x00000044   Code   RO         1388    i.IICwriteBytes     ioi2c.o
    0x08002f78   0x0000002a   Code   RO         1493    i.MPU6050_initialize  mpu6050.o
    0x08002fa2   0x00000012   Code   RO         1495    i.MPU6050_setClockSource  mpu6050.o
    0x08002fb4   0x00000012   Code   RO         1496    i.MPU6050_setFullScaleAccelRange  mpu6050.o
    0x08002fc6   0x00000012   Code   RO         1497    i.MPU6050_setFullScaleGyroRange  mpu6050.o
    0x08002fd8   0x0000000c   Code   RO         1498    i.MPU6050_setI2CBypassEnabled  mpu6050.o
    0x08002fe4   0x0000000c   Code   RO         1499    i.MPU6050_setI2CMasterModeEnabled  mpu6050.o
    0x08002ff0   0x0000000c   Code   RO         1500    i.MPU6050_setSleepEnabled  mpu6050.o
    0x08002ffc   0x00000050   Code   RO          310    i.MX_ADC2_Init      adc.o
    0x0800304c   0x000000d8   Code   RO          284    i.MX_GPIO_Init      gpio.o
    0x08003124   0x000000cc   Code   RO          361    i.MX_TIM3_Init      tim.o
    0x080031f0   0x00000070   Code   RO          362    i.MX_TIM4_Init      tim.o
    0x08003260   0x00000070   Code   RO          363    i.MX_TIM8_Init      tim.o
    0x080032d0   0x00000038   Code   RO          430    i.MX_UART5_Init     usart.o
    0x08003308   0x00000038   Code   RO          431    i.MX_USART1_UART_Init  usart.o
    0x08003340   0x00000002   Code   RO          479    i.MemManage_Handler  stm32f1xx_it.o
    0x08003342   0x00000022   Code   RO           19    i.Motor_Control     main.o
    0x08003364   0x00000024   Code   RO           20    i.Motor_Left        main.o
    0x08003388   0x00000028   Code   RO           21    i.Motor_Right       main.o
    0x080033b0   0x00000002   Code   RO          480    i.NMI_Handler       stm32f1xx_it.o
    0x080033b2   0x00000002   PAD
    0x080033b4   0x0000002c   Code   RO          599    i.OLED_Clear        bsp_oled.o
    0x080033e0   0x0000003c   Code   RO          602    i.OLED_DrawPoint    bsp_oled.o
    0x0800341c   0x000000ec   Code   RO          603    i.OLED_Init         bsp_oled.o
    0x08003508   0x0000004c   Code   RO          605    i.OLED_Refresh_Gram  bsp_oled.o
    0x08003554   0x00000168   Code   RO           22    i.OLED_Show         main.o
    0x080036bc   0x00000090   Code   RO          606    i.OLED_ShowChar     bsp_oled.o
    0x0800374c   0x0000003e   Code   RO          608    i.OLED_ShowString   bsp_oled.o
    0x0800378a   0x00000002   PAD
    0x0800378c   0x00000048   Code   RO          609    i.OLED_WR_Byte      bsp_oled.o
    0x080037d4   0x000000b8   Code   RO          737    i.PID_init          pid.o
    0x0800388c   0x00000078   Code   RO          738    i.PID_realize       pid.o
    0x08003904   0x00000002   Code   RO          481    i.PendSV_Handler    stm32f1xx_it.o
    0x08003906   0x00000002   PAD
    0x08003908   0x000001e0   Code   RO         1502    i.Read_DMP          mpu6050.o
    0x08003ae8   0x00000002   Code   RO          482    i.SVC_Handler       stm32f1xx_it.o
    0x08003aea   0x00000002   PAD
    0x08003aec   0x0000002c   Code   RO          778    i.SysTick_Config    bsp_systick.o
    0x08003b18   0x00000038   Code   RO          779    i.SysTick_Delay_Ms  bsp_systick.o
    0x08003b50   0x00000038   Code   RO          780    i.SysTick_Delay_Us  bsp_systick.o
    0x08003b88   0x00000004   Code   RO          483    i.SysTick_Handler   stm32f1xx_it.o
    0x08003b8c   0x0000007a   Code   RO           25    i.SystemClock_Config  main.o
    0x08003c06   0x00000002   Code   RO         4235    i.SystemInit        system_stm32f1xx.o
    0x08003c08   0x0000000c   Code   RO          484    i.TIM3_IRQHandler   stm32f1xx_it.o
    0x08003c14   0x0000008c   Code   RO         2993    i.TIM_Base_SetConfig  stm32f1xx_hal_tim.o
    0x08003ca0   0x0000001a   Code   RO         2994    i.TIM_CCxChannelCmd  stm32f1xx_hal_tim.o
    0x08003cba   0x00000014   Code   RO         3004    i.TIM_ETR_SetConfig  stm32f1xx_hal_tim.o
    0x08003cce   0x00000010   Code   RO         3005    i.TIM_ITRx_SetConfig  stm32f1xx_hal_tim.o
    0x08003cde   0x00000002   PAD
    0x08003ce0   0x00000060   Code   RO         3006    i.TIM_OC1_SetConfig  stm32f1xx_hal_tim.o
    0x08003d40   0x0000006c   Code   RO         3007    i.TIM_OC2_SetConfig  stm32f1xx_hal_tim.o
    0x08003dac   0x00000068   Code   RO         3008    i.TIM_OC3_SetConfig  stm32f1xx_hal_tim.o
    0x08003e14   0x00000050   Code   RO         3009    i.TIM_OC4_SetConfig  stm32f1xx_hal_tim.o
    0x08003e64   0x00000022   Code   RO         3011    i.TIM_TI1_ConfigInputStage  stm32f1xx_hal_tim.o
    0x08003e86   0x00000024   Code   RO         3013    i.TIM_TI2_ConfigInputStage  stm32f1xx_hal_tim.o
    0x08003eaa   0x00000002   PAD
    0x08003eac   0x0000000c   Code   RO          485    i.UART5_IRQHandler  stm32f1xx_it.o
    0x08003eb8   0x00000010   Code   RO         3914    i.UART_DMAAbortOnError  stm32f1xx_hal_uart.o
    0x08003ec8   0x0000004e   Code   RO         3924    i.UART_EndRxTransfer  stm32f1xx_hal_uart.o
    0x08003f16   0x000000c2   Code   RO         3926    i.UART_Receive_IT   stm32f1xx_hal_uart.o
    0x08003fd8   0x000000b8   Code   RO         3927    i.UART_SetConfig    stm32f1xx_hal_uart.o
    0x08004090   0x00000036   Code   RO         3929    i.UART_Start_Receive_IT  stm32f1xx_hal_uart.o
    0x080040c6   0x00000078   Code   RO         3930    i.UART_WaitOnFlagUntilTimeout  stm32f1xx_hal_uart.o
    0x0800413e   0x00000002   PAD
    0x08004140   0x00000044   Code   RO          486    i.USART1_IRQHandler  stm32f1xx_it.o
    0x08004184   0x00000002   Code   RO          487    i.UsageFault_Handler  stm32f1xx_it.o
    0x08004186   0x00000012   Code   RO           26    i.XianFu_PWM        main.o
    0x08004198   0x00000020   Code   RO         4531    i.__0printf         mc_w.l(printfa.o)
    0x080041b8   0x00000028   Code   RO         4533    i.__0sprintf        mc_w.l(printfa.o)
    0x080041e0   0x00000028   Code   RO         4613    i.__ARM_fpclassify  m_ws.l(fpclassify.o)
    0x08004208   0x00000020   Code   RO         2411    i.__NVIC_SetPriority  stm32f1xx_hal_cortex.o
    0x08004228   0x000000aa   Code   RO         4615    i.__kernel_poly     m_ws.l(poly.o)
    0x080042d2   0x00000006   Code   RO         4600    i.__mathlib_dbl_infnan  m_ws.l(dunder.o)
    0x080042d8   0x00000004   Code   RO         4601    i.__mathlib_dbl_infnan2  m_ws.l(dunder.o)
    0x080042dc   0x0000000c   Code   RO         4602    i.__mathlib_dbl_invalid  m_ws.l(dunder.o)
    0x080042e8   0x00000010   Code   RO         4605    i.__mathlib_dbl_underflow  m_ws.l(dunder.o)
    0x080042f8   0x0000000e   Code   RO         4679    i.__scatterload_copy  mc_w.l(handlers.o)
    0x08004306   0x00000002   Code   RO         4680    i.__scatterload_null  mc_w.l(handlers.o)
    0x08004308   0x0000000e   Code   RO         4681    i.__scatterload_zeroinit  mc_w.l(handlers.o)
    0x08004316   0x00000002   PAD
    0x08004318   0x0000000c   Code   RO         4653    i.__set_errno       mc_w.l(errno.o)
    0x08004324   0x00000164   Code   RO         4538    i._fp_digits        mc_w.l(printfa.o)
    0x08004488   0x000006dc   Code   RO         4539    i._printf_core      mc_w.l(printfa.o)
    0x08004b64   0x00000024   Code   RO         4540    i._printf_post_padding  mc_w.l(printfa.o)
    0x08004b88   0x0000002e   Code   RO         4541    i._printf_pre_padding  mc_w.l(printfa.o)
    0x08004bb6   0x0000000a   Code   RO         4543    i._sputc            mc_w.l(printfa.o)
    0x08004bc0   0x00000080   Code   RO          873    i.accel_self_test   inv_mpu.o
    0x08004c40   0x00000050   Code   RO          311    i.adcGetBatteryVoltage  adc.o
    0x08004c90   0x00000270   Code   RO         4270    i.asin              m_ws.l(asin.o)
    0x08004f00   0x00000220   Code   RO         4590    i.atan              m_ws.l(atan.o)
    0x08005120   0x00000180   Code   RO         4280    i.atan2             m_ws.l(atan2.o)
    0x080052a0   0x00000264   Code   RO          702    i.data_process      lidar.o
    0x08005504   0x0000003a   Code   RO         1196    i.dmp_enable_6x_lp_quat  inv_mpu_dmp_motion_driver.o
    0x0800553e   0x00000002   PAD
    0x08005540   0x000001d8   Code   RO         1197    i.dmp_enable_feature  inv_mpu_dmp_motion_driver.o
    0x08005718   0x0000003c   Code   RO         1198    i.dmp_enable_gyro_cal  inv_mpu_dmp_motion_driver.o
    0x08005754   0x0000003a   Code   RO         1199    i.dmp_enable_lp_quat  inv_mpu_dmp_motion_driver.o
    0x0800578e   0x00000002   PAD
    0x08005790   0x00000014   Code   RO         1204    i.dmp_load_motion_driver_firmware  inv_mpu_dmp_motion_driver.o
    0x080057a4   0x00000144   Code   RO         1205    i.dmp_read_fifo     inv_mpu_dmp_motion_driver.o
    0x080058e8   0x000000d8   Code   RO         1208    i.dmp_set_accel_bias  inv_mpu_dmp_motion_driver.o
    0x080059c0   0x00000064   Code   RO         1209    i.dmp_set_fifo_rate  inv_mpu_dmp_motion_driver.o
    0x08005a24   0x000000cc   Code   RO         1210    i.dmp_set_gyro_bias  inv_mpu_dmp_motion_driver.o
    0x08005af0   0x0000010c   Code   RO         1212    i.dmp_set_orientation  inv_mpu_dmp_motion_driver.o
    0x08005bfc   0x00000030   Code   RO         1215    i.dmp_set_shake_reject_thresh  inv_mpu_dmp_motion_driver.o
    0x08005c2c   0x00000020   Code   RO         1216    i.dmp_set_shake_reject_time  inv_mpu_dmp_motion_driver.o
    0x08005c4c   0x00000020   Code   RO         1217    i.dmp_set_shake_reject_timeout  inv_mpu_dmp_motion_driver.o
    0x08005c6c   0x00000040   Code   RO         1218    i.dmp_set_tap_axes  inv_mpu_dmp_motion_driver.o
    0x08005cac   0x00000022   Code   RO         1219    i.dmp_set_tap_count  inv_mpu_dmp_motion_driver.o
    0x08005cce   0x00000002   PAD
    0x08005cd0   0x00000128   Code   RO         1220    i.dmp_set_tap_thresh  inv_mpu_dmp_motion_driver.o
    0x08005df8   0x00000020   Code   RO         1221    i.dmp_set_tap_time  inv_mpu_dmp_motion_driver.o
    0x08005e18   0x00000020   Code   RO         1222    i.dmp_set_tap_time_multi  inv_mpu_dmp_motion_driver.o
    0x08005e38   0x00000012   Code   RO         4640    i.fputc             mc_w.l(fputc.o)
    0x08005e4a   0x00000002   PAD
    0x08005e4c   0x000000ac   Code   RO          874    i.get_accel_prod_shift  inv_mpu.o
    0x08005ef8   0x00000314   Code   RO          875    i.get_st_biases     inv_mpu.o
    0x0800620c   0x000000d4   Code   RO          876    i.gyro_self_test    inv_mpu.o
    0x080062e0   0x00000070   Code   RO         1389    i.i2cRead           ioi2c.o
    0x08006350   0x00000054   Code   RO         1390    i.i2cWrite          ioi2c.o
    0x080063a4   0x00000048   Code   RO         1504    i.inv_row_2_scale   mpu6050.o
    0x080063ec   0x00000124   Code   RO           27    i.main              main.o
    0x08006510   0x00000054   Code   RO          877    i.mpu_configure_fifo  inv_mpu.o
    0x08006564   0x0000003c   Code   RO          878    i.mpu_get_accel_fsr  inv_mpu.o
    0x080065a0   0x00000044   Code   RO          880    i.mpu_get_accel_sens  inv_mpu.o
    0x080065e4   0x00000034   Code   RO          886    i.mpu_get_gyro_fsr  inv_mpu.o
    0x08006618   0x00000040   Code   RO          888    i.mpu_get_gyro_sens  inv_mpu.o
    0x08006658   0x00000038   Code   RO          890    i.mpu_get_lpf       inv_mpu.o
    0x08006690   0x0000001c   Code   RO          892    i.mpu_get_sample_rate  inv_mpu.o
    0x080066ac   0x00000188   Code   RO          894    i.mpu_init          inv_mpu.o
    0x08006834   0x000000a0   Code   RO          895    i.mpu_load_firmware  inv_mpu.o
    0x080068d4   0x000000b8   Code   RO          896    i.mpu_lp_accel_mode  inv_mpu.o
    0x0800698c   0x00000090   Code   RO          899    i.mpu_read_fifo_stream  inv_mpu.o
    0x08006a1c   0x00000054   Code   RO          900    i.mpu_read_mem      inv_mpu.o
    0x08006a70   0x00000150   Code   RO          903    i.mpu_reset_fifo    inv_mpu.o
    0x08006bc0   0x000000f0   Code   RO          904    i.mpu_run_self_test  inv_mpu.o
    0x08006cb0   0x00000068   Code   RO          906    i.mpu_set_accel_fsr  inv_mpu.o
    0x08006d18   0x000000dc   Code   RO          907    i.mpu_set_bypass    inv_mpu.o
    0x08006df4   0x00000078   Code   RO          909    i.mpu_set_dmp_state  inv_mpu.o
    0x08006e6c   0x0000006c   Code   RO          910    i.mpu_set_gyro_fsr  inv_mpu.o
    0x08006ed8   0x00000064   Code   RO          911    i.mpu_set_int_latched  inv_mpu.o
    0x08006f3c   0x0000006c   Code   RO          913    i.mpu_set_lpf       inv_mpu.o
    0x08006fa8   0x00000080   Code   RO          914    i.mpu_set_sample_rate  inv_mpu.o
    0x08007028   0x000000b8   Code   RO          915    i.mpu_set_sensors   inv_mpu.o
    0x080070e0   0x00000054   Code   RO          916    i.mpu_write_mem     inv_mpu.o
    0x08007134   0x00000002   Code   RO          917    i.myget_ms          inv_mpu.o
    0x08007136   0x0000007a   Code   RO         1505    i.run_self_test     mpu6050.o
    0x080071b0   0x00000058   Code   RO          918    i.set_int_enable    inv_mpu.o
    0x08007208   0x0000004c   Code   RO         4619    i.sqrt              m_ws.l(sqrt.o)
    0x08007254   0x00000100   Data   RO           30    .constdata          main.o
    0x08007354   0x00000a64   Data   RO          612    .constdata          bsp_oled.o
    0x08007db8   0x0000000c   Data   RO          919    .constdata          inv_mpu.o
    0x08007dc4   0x0000001b   Data   RO          920    .constdata          inv_mpu.o
    0x08007ddf   0x00000001   PAD
    0x08007de0   0x00000028   Data   RO          921    .constdata          inv_mpu.o
    0x08007e08   0x00000bf6   Data   RO         1224    .constdata          inv_mpu_dmp_motion_driver.o
    0x080089fe   0x00000012   Data   RO         2109    .constdata          stm32f1xx_hal_rcc.o
    0x08008a10   0x00000012   Data   RO         2201    .constdata          stm32f1xx_hal_rcc_ex.o
    0x08008a22   0x00000010   Data   RO         4236    .constdata          system_stm32f1xx.o
    0x08008a32   0x00000008   Data   RO         4237    .constdata          system_stm32f1xx.o
    0x08008a3a   0x00000006   PAD
    0x08008a40   0x00000050   Data   RO         4271    .constdata          m_ws.l(asin.o)
    0x08008a90   0x00000098   Data   RO         4591    .constdata          m_ws.l(atan.o)
    0x08008b28   0x00000008   Data   RO         4617    .constdata          m_ws.l(qnan.o)
    0x08008b30   0x0000004e   Data   RO          922    .conststring        inv_mpu.o
    0x08008b7e   0x00000002   PAD
    0x08008b80   0x00000020   Data   RO         4677    Region$$Table       anon$$obj.o


    Execution Region RW_IRAM1 (Base: 0x20000000, Size: 0x00003f18, Max: 0x0000c000, ABSOLUTE)

    Base Addr    Size         Type   Attr      Idx    E Section Name        Object

    0x20000000   0x0000003c   Data   RW           32    .data               main.o
    0x2000003c   0x00000001   Data   RW          489    .data               stm32f1xx_it.o
    0x2000003d   0x00000001   Data   RW          490    .data               stm32f1xx_it.o
    0x2000003e   0x00000002   PAD
    0x20000040   0x00000014   Data   RW          705    .data               lidar.o
    0x20000054   0x0000002c   Data   RW          923    .data               inv_mpu.o
    0x20000080   0x00000035   Data   RW         1507    .data               mpu6050.o
    0x200000b5   0x00000003   PAD
    0x200000b8   0x0000000c   Data   RW         1946    .data               stm32f1xx_hal.o
    0x200000c4   0x00000004   Data   RW         4238    .data               system_stm32f1xx.o
    0x200000c8   0x00000004   Data   RW         4642    .data               mc_w.l(stdout.o)
    0x200000cc   0x00000004   Data   RW         4654    .data               mc_w.l(errno.o)
    0x200000d0   0x0000011e   Zero   RW           29    .bss                main.o
    0x200001ee   0x00000002   PAD
    0x200001f0   0x00000030   Zero   RW          312    .bss                adc.o
    0x20000220   0x000000d8   Zero   RW          364    .bss                tim.o
    0x200002f8   0x00000090   Zero   RW          432    .bss                usart.o
    0x20000388   0x00000100   Zero   RW          488    .bss                stm32f1xx_it.o
    0x20000488   0x00000400   Zero   RW          611    .bss                bsp_oled.o
    0x20000888   0x00002daf   Zero   RW          703    .bss                lidar.o
    0x20003637   0x00000001   PAD
    0x20003638   0x000000d0   Zero   RW          740    .bss                pid.o
    0x20003708   0x00000010   Zero   RW         1223    .bss                inv_mpu_dmp_motion_driver.o
    0x20003718   0x00000800   Zero   RW            1    STACK               startup_stm32f103xe.o


==============================================================================

Image component sizes


      Code (inc. data)   RO Data    RW Data    ZI Data      Debug   Object Name

       248         40          0          0         48       2132   adc.o
       694         38       2660          0       1024       5536   bsp_oled.o
       156         20          0          0          0      27253   bsp_systick.o
       216         16          0          0          0        971   gpio.o
      4498        280        157         44          0      26238   inv_mpu.o
      2350        118       3062          0         16      19542   inv_mpu_dmp_motion_driver.o
      1050         60          0          0          0       9862   ioi2c.o
       612         40          0         20      11695       2900   lidar.o
      1518        264        256         60        286     511807   main.o
       962         34          0         53          0      33206   mpu6050.o
       304         50          0          0        208       2007   pid.o
        36          8        304          0       2048        792   startup_stm32f103xe.o
       164         28          0         12          0       6421   stm32f1xx_hal.o
      1268         58          0          0          0       6488   stm32f1xx_hal_adc.o
       198         14          0          0          0      28875   stm32f1xx_hal_cortex.o
       374          8          0          0          0       1799   stm32f1xx_hal_dma.o
       514         42          0          0          0       2872   stm32f1xx_hal_gpio.o
        68         10          0          0          0        850   stm32f1xx_hal_msp.o
      1240         84         18          0          0       5048   stm32f1xx_hal_rcc.o
       420         30         18          0          0       2485   stm32f1xx_hal_rcc_ex.o
      2226         96          0          0          0      17821   stm32f1xx_hal_tim.o
       128         20          0          0          0       2357   stm32f1xx_hal_tim_ex.o
      1726         10          0          0          0      11823   stm32f1xx_hal_uart.o
       112         24          0          2        256       5849   stm32f1xx_it.o
         2          0         24          4          0       1083   system_stm32f1xx.o
       744         76          0          0        216       4316   tim.o
       352         42          0          0        144       2325   usart.o

    ----------------------------------------------------------------------
     22220       1510       6540        200      15944     742658   Object Totals
         0          0         32          0          0          0   (incl. Generated)
        40          0          9          5          3          0   (incl. Padding)

    ----------------------------------------------------------------------

      Code (inc. data)   RO Data    RW Data    ZI Data      Debug   Library Member Name

       624         52         80          0          0        168   asin.o
       544         70        152          0          0        124   atan.o
       384         38          0          0          0        144   atan2.o
        38          6          0          0          0        272   dunder.o
        40          0          0          0          0         68   fpclassify.o
       170          0          0          0          0         96   poly.o
         0          0          8          0          0          0   qnan.o
        76          0          0          0          0         84   sqrt.o
         0          0          0          0          0          0   entry.o
         0          0          0          0          0          0   entry10a.o
         0          0          0          0          0          0   entry11a.o
         8          4          0          0          0          0   entry2.o
         4          0          0          0          0          0   entry5.o
         0          0          0          0          0          0   entry7b.o
         0          0          0          0          0          0   entry8b.o
         8          4          0          0          0          0   entry9a.o
        12          6          0          4          0         68   errno.o
        18          0          0          0          0         80   fputc.o
        30          0          0          0          0          0   handlers.o
        36          8          0          0          0         68   init.o
         0          0          0          0          0          0   iusefp.o
         0          0          0          0          0          0   iusesemip.o
        98          0          0          0          0         84   ldiv.o
        30          0          0          0          0         68   llshl.o
        36          0          0          0          0         68   llsshr.o
        32          0          0          0          0         68   llushr.o
        26          0          0          0          0         80   memcmp.o
        36          0          0          0          0        108   memseta.o
      2276         96          0          0          0        596   printfa.o
         0          0          0          0          0          0   semi.o
         0          0          0          4          0          0   stdout.o
        44          0          0          0          0         80   uidiv.o
        98          0          0          0          0         92   uldiv.o
        48          0          0          0          0         68   cdrcmple.o
        20          0          0          0          0         68   cfrcmple.o
        56          0          0          0          0         88   d2f.o
       334          0          0          0          0        148   dadd.o
       222          0          0          0          0        100   ddiv.o
       186          0          0          0          0        176   depilogue.o
        48          0          0          0          0         68   dfixul.o
        26          0          0          0          0         76   dfltui.o
       228          0          0          0          0         96   dmul.o
        46          0          0          0          0         80   dscalb.o
       162          0          0          0          0        100   dsqrt.o
        38          0          0          0          0         68   f2d.o
       176          0          0          0          0        140   fadd.o
       124          0          0          0          0         88   fdiv.o
       110          0          0          0          0        168   fepilogue.o
        50          0          0          0          0         68   ffixi.o
        40          0          0          0          0         68   ffixui.o
        18          0          0          0          0         68   fflti.o
        10          0          0          0          0         68   ffltui.o
       100          0          0          0          0         76   fmul.o
        24          0          0          0          0         68   fscalb.o

    ----------------------------------------------------------------------
      6744        284        240          8          0       4364   Library Totals
        10          0          0          0          0          0   (incl. Padding)

    ----------------------------------------------------------------------

      Code (inc. data)   RO Data    RW Data    ZI Data      Debug   Library Name

      1876        166        240          0          0        956   m_ws.l
      2792        118          0          8          0       1460   mc_w.l
      2066          0          0          0          0       1948   mf_w.l

    ----------------------------------------------------------------------
      6744        284        240          8          0       4364   Library Totals

    ----------------------------------------------------------------------

==============================================================================


      Code (inc. data)   RO Data    RW Data    ZI Data      Debug   

     28964       1794       6780        208      15944     734902   Grand Totals
     28964       1794       6780        208      15944     734902   ELF Image Totals
     28964       1794       6780        208          0          0   ROM Totals

==============================================================================

    Total RO  Size (Code + RO Data)                35744 (  34.91kB)
    Total RW  Size (RW Data + ZI Data)             16152 (  15.77kB)
    Total ROM Size (Code + RO Data + RW Data)      35952 (  35.11kB)

==============================================================================

